Component: ARM Compiler 5.06 update 6 (build 750) Tool: armlink [4d35ed]

==============================================================================

Section Cross References

    startup_stm32f103xb.o(RESET) refers to startup_stm32f103xb.o(STACK) for __initial_sp
    startup_stm32f103xb.o(RESET) refers to startup_stm32f103xb.o(.text) for Reset_Handler
    startup_stm32f103xb.o(RESET) refers to stm32f1xx_it.o(i.NMI_Handler) for NMI_Handler
    startup_stm32f103xb.o(RESET) refers to stm32f1xx_it.o(i.HardFault_Handler) for HardFault_Handler
    startup_stm32f103xb.o(RESET) refers to stm32f1xx_it.o(i.MemManage_Handler) for MemManage_Handler
    startup_stm32f103xb.o(RESET) refers to stm32f1xx_it.o(i.BusFault_Handler) for BusFault_Handler
    startup_stm32f103xb.o(RESET) refers to stm32f1xx_it.o(i.UsageFault_Handler) for UsageFault_Handler
    startup_stm32f103xb.o(RESET) refers to stm32f1xx_it.o(i.SVC_Handler) for SVC_Handler
    startup_stm32f103xb.o(RESET) refers to stm32f1xx_it.o(i.DebugMon_Handler) for DebugMon_Handler
    startup_stm32f103xb.o(RESET) refers to stm32f1xx_it.o(i.PendSV_Handler) for PendSV_Handler
    startup_stm32f103xb.o(RESET) refers to stm32f1xx_it.o(i.SysTick_Handler) for SysTick_Handler
    startup_stm32f103xb.o(RESET) refers to stm32f1xx_it.o(i.USART1_IRQHandler) for USART1_IRQHandler
    startup_stm32f103xb.o(.text) refers to system_stm32f1xx.o(i.SystemInit) for SystemInit
    startup_stm32f103xb.o(.text) refers to entry.o(.ARM.Collect$$$$00000000) for __main
    step_motor.o(i.StepMotor_RotateAngle) refers to fscalb.o(.text) for __ARM_scalbnf
    step_motor.o(i.StepMotor_RotateAngle) refers to fdiv.o(.text) for __aeabi_fdiv
    step_motor.o(i.StepMotor_RotateAngle) refers to ffixui.o(.text) for __aeabi_f2uiz
    step_motor.o(i.StepMotor_RotateAngle) refers to step_motor.o(i.StepMotor_Run) for StepMotor_Run
    step_motor.o(i.StepMotor_Run) refers to step_motor.o(i.StepMotor_SetIO) for StepMotor_SetIO
    step_motor.o(i.StepMotor_Run) refers to stm32f1xx_hal.o(i.HAL_Delay) for HAL_Delay
    step_motor.o(i.StepMotor_Run) refers to step_motor.o(.data) for .data
    step_motor.o(i.StepMotor_SetIO) refers to stm32f1xx_hal_gpio.o(i.HAL_GPIO_WritePin) for HAL_GPIO_WritePin
    dht11.o(i.DHT11_Init) refers to dht11.o(i.DHT11_PIN_OUT) for DHT11_PIN_OUT
    dht11.o(i.DHT11_Init) refers to stm32f1xx_hal_gpio.o(i.HAL_GPIO_WritePin) for HAL_GPIO_WritePin
    dht11.o(i.DHT11_Init) refers to stm32f1xx_hal.o(i.HAL_Delay) for HAL_Delay
    dht11.o(i.DHT11_PIN_OUT) refers to stm32f1xx_hal_gpio.o(i.HAL_GPIO_Init) for HAL_GPIO_Init
    dht11.o(i.DHT11_ReadByte) refers to stm32f1xx_hal_gpio.o(i.HAL_GPIO_ReadPin) for HAL_GPIO_ReadPin
    dht11.o(i.DHT11_ReadByte) refers to dht11.o(i.DHT11_DelayUs) for DHT11_DelayUs
    dht11.o(i.DHT11_ReadData) refers to dht11.o(i.DHT11_PIN_OUT) for DHT11_PIN_OUT
    dht11.o(i.DHT11_ReadData) refers to stm32f1xx_hal_gpio.o(i.HAL_GPIO_WritePin) for HAL_GPIO_WritePin
    dht11.o(i.DHT11_ReadData) refers to stm32f1xx_hal.o(i.HAL_Delay) for HAL_Delay
    dht11.o(i.DHT11_ReadData) refers to dht11.o(i.DHT11_DelayUs) for DHT11_DelayUs
    dht11.o(i.DHT11_ReadData) refers to stm32f1xx_hal_gpio.o(i.HAL_GPIO_Init) for HAL_GPIO_Init
    dht11.o(i.DHT11_ReadData) refers to stm32f1xx_hal_gpio.o(i.HAL_GPIO_ReadPin) for HAL_GPIO_ReadPin
    dht11.o(i.DHT11_ReadData) refers to dht11.o(i.DHT11_ReadByte) for DHT11_ReadByte
    dht11.o(i.DHT11_ReadData) refers to dht11.o(.data) for .data
    main.o(i.HAL_GPIO_EXTI_Callback) refers to stm32f1xx_hal.o(i.HAL_GetTick) for HAL_GetTick
    main.o(i.HAL_GPIO_EXTI_Callback) refers to main.o(.data) for .data
    main.o(i.HAL_UART_RxCpltCallback) refers to strcpy.o(.text) for strcpy
    main.o(i.HAL_UART_RxCpltCallback) refers to memseta.o(.text) for __aeabi_memclr
    main.o(i.HAL_UART_RxCpltCallback) refers to stm32f1xx_hal_uart.o(i.HAL_UART_Receive_IT) for HAL_UART_Receive_IT
    main.o(i.HAL_UART_RxCpltCallback) refers to main.o(.data) for .data
    main.o(i.HAL_UART_RxCpltCallback) refers to main.o(.bss) for .bss
    main.o(i.HAL_UART_RxCpltCallback) refers to usart.o(.bss) for huart1
    main.o(i.MQ2_ADC_ToVoltage) refers to ffltui.o(.text) for __aeabi_ui2f
    main.o(i.MQ2_ADC_ToVoltage) refers to fmul.o(.text) for __aeabi_fmul
    main.o(i.MQ2_ADC_ToVoltage) refers to fdiv.o(.text) for __aeabi_fdiv
    main.o(i.MQ2_CalcPPM_ByArticle) refers to fmul.o(.text) for __aeabi_fmul
    main.o(i.MQ2_CalcPPM_ByArticle) refers to fdiv.o(.text) for __aeabi_fdiv
    main.o(i.MQ2_CalcPPM_ByArticle) refers to powf.o(i.powf) for powf
    main.o(i.MQ2_CalcPPM_ByArticle) refers to main.o(.data) for .data
    main.o(i.MQ2_CalcRs) refers to fadd.o(.text) for __aeabi_frsub
    main.o(i.MQ2_CalcRs) refers to fdiv.o(.text) for __aeabi_fdiv
    main.o(i.MQ2_CalcRs) refers to fmul.o(.text) for __aeabi_fmul
[...]
    ../clib/microlib/init/entry.s            0x00000000   Number         0  entry8b.o ABSOLUTE
    ../clib/microlib/init/entry.s            0x00000000   Number         0  entry5.o ABSOLUTE
    ../clib/microlib/init/entry.s            0x00000000   Number         0  entry9a.o ABSOLUTE
    ../clib/microlib/init/entry.s            0x00000000   Number         0  entry.o ABSOLUTE
    ../clib/microlib/init/entry.s            0x00000000   Number         0  entry9b.o ABSOLUTE
    ../clib/microlib/init/entry.s            0x00000000   Number         0  entry10a.o ABSOLUTE
    ../clib/microlib/init/entry.s            0x00000000   Number         0  entry10b.o ABSOLUTE
    ../clib/microlib/init/entry.s            0x00000000   Number         0  entry11a.o ABSOLUTE
    ../clib/microlib/init/entry.s            0x00000000   Number         0  entry11b.o ABSOLUTE
    ../clib/microlib/init/entry.s            0x00000000   Number         0  entry7a.o ABSOLUTE
    ../clib/microlib/longlong.c              0x00000000   Number         0  llsshr.o ABSOLUTE
    ../clib/microlib/longlong.c              0x00000000   Number         0  llshl.o ABSOLUTE
    ../clib/microlib/longlong.c              0x00000000   Number         0  llushr.o ABSOLUTE
    ../clib/microlib/printf/printf.c         0x00000000   Number         0  printf4.o ABSOLUTE
    ../clib/microlib/printf/printf.c         0x00000000   Number         0  printf3.o ABSOLUTE
    ../clib/microlib/printf/printf.c         0x00000000   Number         0  printf1.o ABSOLUTE
    ../clib/microlib/printf/printf.c         0x00000000   Number         0  printf0.o ABSOLUTE
    ../clib/microlib/printf/printf.c         0x00000000   Number         0  printf5.o ABSOLUTE
    ../clib/microlib/printf/printf.c         0x00000000   Number         0  printf2.o ABSOLUTE
    ../clib/microlib/printf/printf.c         0x00000000   Number         0  printfa.o ABSOLUTE
    ../clib/microlib/printf/printf.c         0x00000000   Number         0  printf8.o ABSOLUTE
    ../clib/microlib/printf/printf.c         0x00000000   Number         0  printf7.o ABSOLUTE
    ../clib/microlib/printf/printf.c         0x00000000   Number         0  printf6.o ABSOLUTE
    ../clib/microlib/printf/printf.c         0x00000000   Number         0  printfb.o ABSOLUTE
    ../clib/microlib/printf/stubs.s          0x00000000   Number         0  stubs.o ABSOLUTE
    ../clib/microlib/stdio/streams.c         0x00000000   Number         0  stdout.o ABSOLUTE
    ../clib/microlib/string/memset.c         0x00000000   Number         0  memseta.o ABSOLUTE
    ../clib/microlib/string/strcmp.c         0x00000000   Number         0  strcmp.o ABSOLUTE
    ../clib/microlib/string/strcpy.c         0x00000000   Number         0  strcpy.o ABSOLUTE
    ../clib/microlib/stubs.s                 0x00000000   Number         0  iusefp.o ABSOLUTE
    ../clib/scanf.c                          0x00000000   Number         0  _sgetc.o ABSOLUTE
    ../clib/scanf.c                          0x00000000   Number         0  scanf_fp.o ABSOLUTE
    ../clib/scanf.c                          0x00000000   Number         0  _scanf.o ABSOLUTE
    ../clib/scanf.c                          0x00000000   Number         0  _scanf_int.o ABSOLUTE
    ../clib/scanf.c                          0x00000000   Number         0  __0sscanf.o ABSOLUTE
    ../clib/scanf.c                          0x00000000   Number         0  _chval.o ABSOLUTE
    ../clib/scanf.c                          0x00000000   Number         0  scanf_char.o ABSOLUTE
    ../fplib/microlib/d2f.c                  0x00000000   Number         0  d2f.o ABSOLUTE
    ../fplib/microlib/f2d.c                  0x00000000   Number         0  f2d.o ABSOLUTE
    ../fplib/microlib/fpadd.c                0x00000000   Number         0  dadd.o ABSOLUTE
    ../fplib/microlib/fpadd.c                0x00000000   Number         0  fadd.o ABSOLUTE
    ../fplib/microlib/fpdiv.c                0x00000000   Number         0  ddiv.o ABSOLUTE
    ../fplib/microlib/fpdiv.c                0x00000000   Number         0  fdiv.o ABSOLUTE
    ../fplib/microlib/fpepilogue.c           0x00000000   Number         0  depilogue.o ABSOLUTE
    ../fplib/microlib/fpepilogue.c           0x00000000   Number         0  fepilogue.o ABSOLUTE
    ../fplib/microlib/fpfix.c                0x00000000   Number         0  dfixul.o ABSOLUTE
    ../fplib/microlib/fpfix.c                0x00000000   Number         0  ffixui.o ABSOLUTE
    ../fplib/microlib/fpfix.c                0x00000000   Number         0  ffixir.o ABSOLUTE
    ../fplib/microlib/fpflt.c                0x00000000   Number         0  dfltul.o ABSOLUTE
    ../fplib/microlib/fpflt.c                0x00000000   Number         0  ffltui.o ABSOLUTE
    ../fplib/microlib/fpflt.c                0x00000000   Number         0  fflti.o ABSOLUTE
    ../fplib/microlib/fpmul.c                0x00000000   Number         0  dmul.o ABSOLUTE
    ../fplib/microlib/fpmul.c                0x00000000   Number         0  fmul.o ABSOLUTE
    ../fplib/microlib/fpscalb.c              0x00000000   Number         0  fscalb.o ABSOLUTE
    ../fplib/microlib/fpstat.c               0x00000000   Number         0  fpstat.o ABSOLUTE
    ../mathlib/fpclassifyf.c                 0x00000000   Number         0  fpclassifyf.o ABSOLUTE
    ../mathlib/funder.c                      0x00000000   Number         0  funder.o ABSOLUTE
    ../mathlib/powf.c                        0x00000000   Number         0  powf.o ABSOLUTE
    ../mathlib/powf.c                        0x00000000   Number         0  powf_x.o ABSOLUTE
    ..\Core\Src\adc.c                        0x00000000   Number         0  adc.o ABSOLUTE
    ..\Core\Src\dht11.c                      0x00000000   Number         0  dht11.o ABSOLUTE
    ..\Core\Src\gpio.c                       0x00000000   Number         0  gpio.o ABSOLUTE
    ..\Core\Src\main.c                       0x00000000   Number         0  main.o ABSOLUTE
    ..\Core\Src\step_motor.c                 0x00000000   Number         0  step_motor.o ABSOLUTE
    ..\Core\Src\stm32f1xx_hal_msp.c          0x00000000   Number         0  stm32f1xx_hal_msp.o ABSOLUTE
    ..\Core\Src\stm32f1xx_it.c               0x00000000   Number         0  stm32f1xx_it.o ABSOLUTE
    ..\Core\Src\system_stm32f1xx.c           0x00000000   Number         0  system_stm32f1xx.o ABSOLUTE
    ..\Core\Src\tim.c                        0x00000000   Number         0  tim.o ABSOLUTE
    ..\Core\Src\usart.c                      0x00000000   Number         0  usart.o ABSOLUTE
    ..\Drivers\STM32F1xx_HAL_Driver\Src\stm32f1xx_hal.c 0x00000000   Number         0  stm32f1xx_hal.o ABSOLUTE
    ..\Drivers\STM32F1xx_HAL_Driver\Src\stm32f1xx_hal_adc.c 0x00000000   Number         0  stm32f1xx_hal_adc.o ABSOLUTE
    ..\Drivers\STM32F1xx_HAL_Driver\Src\stm32f1xx_hal_adc_ex.c 0x00000000   Number         0  stm32f1xx_hal_adc_ex.o ABSOLUTE
    ..\Drivers\STM32F1xx_HAL_Driver\Src\stm32f1xx_hal_cortex.c 0x00000000   Number         0  stm32f1xx_hal_cortex.o ABSOLUTE
    ..\Drivers\STM32F1xx_HAL_Driver\Src\stm32f1xx_hal_dma.c 0x00000000   Number         0  stm32f1xx_hal_dma.o ABSOLUTE
    ..\Drivers\STM32F1xx_HAL_Driver\Src\stm32f1xx_hal_exti.c 0x00000000   Number         0  stm32f1xx_hal_exti.o ABSOLUTE
    ..\Drivers\STM32F1xx_HAL_Driver\Src\stm32f1xx_hal_flash.c 0x00000000   Number         0  stm32f1xx_hal_flash.o ABSOLUTE
    ..\Drivers\STM32F1xx_HAL_Driver\Src\stm32f1xx_hal_flash_ex.c 0x00000000   Number         0  stm32f1xx_hal_flash_ex.o ABSOLUTE
    ..\Drivers\STM32F1xx_HAL_Driver\Src\stm32f1xx_hal_gpio.c 0x00000000   Number         0  stm32f1xx_hal_gpio.o ABSOLUTE
    ..\Drivers\STM32F1xx_HAL_Driver\Src\stm32f1xx_hal_gpio_ex.c 0x00000000   Number         0  stm32f1xx_hal_gpio_ex.o ABSOLUTE
    ..\Drivers\STM32F1xx_HAL_Driver\Src\stm32f1xx_hal_pwr.c 0x00000000   Number         0  stm32f1xx_hal_pwr.o ABSOLUTE
    ..\Drivers\STM32F1xx_HAL_Driver\Src\stm32f1xx_hal_rcc.c 0x00000000   Number         0  stm32f1xx_hal_rcc.o ABSOLUTE
    ..\Drivers\STM32F1xx_HAL_Driver\Src\stm32f1xx_hal_rcc_ex.c 0x00000000   Number         0  stm32f1xx_hal_rcc_ex.o ABSOLUTE
    ..\Drivers\STM32F1xx_HAL_Driver\Src\stm32f1xx_hal_tim.c 0x00000000   Number         0  stm32f1xx_hal_tim.o ABSOLUTE
    ..\Drivers\STM32F1xx_HAL_Driver\Src\stm32f1xx_hal_tim_ex.c 0x00000000   Number         0  stm32f1xx_hal_tim_ex.o ABSOLUTE
    ..\Drivers\STM32F1xx_HAL_Driver\Src\stm32f1xx_hal_uart.c 0x00000000   Number         0  stm32f1xx_hal_uart.o ABSOLUTE
    ..\\Core\\Src\\dht11.c                   0x00000000   Number         0  dht11.o ABSOLUTE
    ..\\Core\\Src\\step_motor.c              0x00000000   Number         0  step_motor.o ABSOLUTE
    cdrcmple.s                               0x00000000   Number         0  cdrcmple.o ABSOLUTE
    dc.s                                     0x00000000   Number         0  dc.o ABSOLUTE
    handlers.s                               0x00000000   Number         0  handlers.o ABSOLUTE
    init.s                                   0x00000000   Number         0  init.o ABSOLUTE
    startup_stm32f103xb.s                    0x00000000   Number         0  startup_stm32f103xb.o ABSOLUTE
    RESET                                    0x08000000   Section      236  startup_stm32f103xb.o(RESET)
    .ARM.Collect$$$$00000000                 0x080000ec   Section        0  entry.o(.ARM.Collect$$$$00000000)
    .ARM.Collect$$$$00000001                 0x080000ec   Section        4  entry2.o(.ARM.Collect$$$$00000001)
    .ARM.Collect$$$$00000004                 0x080000f0   Section        4  entry5.o(.ARM.Collect$$$$00000004)
    .ARM.Collect$$$$00000008                 0x080000f4   Section        0  entry7b.o(.ARM.Collect$$$$00000008)
    .ARM.Collect$$$$0000000A                 0x080000f4   Section        0  entry8b.o(.ARM.Collect$$$$0000000A)
    .ARM.Collect$$$$0000000B                 0x080000f4   Section        8  entry9a.o(.ARM.Collect$$$$0000000B)
    .ARM.Collect$$$$0000000D                 0x080000fc   Section        0  entry10a.o(.ARM.Collect$$$$0000000D)
    .ARM.Collect$$$$0000000F                 0x080000fc   Section        0  entry11a.o(.ARM.Collect$$$$0000000F)
    .ARM.Collect$$$$00002712                 0x080000fc   Section        4  entry2.o(.ARM.Collect$$$$00002712)
    __lit__00000000                          0x080000fc   Data           4  entry2.o(.ARM.Collect$$$$00002712)
    .text                                    0x08000100   Section       36  startup_stm32f103xb.o(.text)
    .text                                    0x08000124   Section        0  llushr.o(.text)
    .text                                    0x08000144   Section        0  memseta.o(.text)
    .text                                    0x08000168   Section        0  strcmp.o(.text)
    .text                                    0x08000184   Section        0  strcpy.o(.text)
    .text                                    0x08000198   Section        0  __0sscanf.o(.text)
    .text                                    0x080001d0   Section        0  _scanf_int.o(.text)
    .text                                    0x0800031c   Section        0  scanf_fp.o(.text)
    _fp_value                                0x0800031d   Thumb Code   296  scanf_fp.o(.text)
    .text                                    0x0800067c   Section        0  fadd.o(.text)
    .text                                    0x0800072c   Section        0  fmul.o(.text)
    .text                                    0x08000790   Section        0  fdiv.o(.text)
    .text                                    0x0800080c   Section        0  fscalb.o(.text)
    .text                                    0x08000824   Section        0  ffltui.o(.text)
    .text                                    0x0800082e   Section        0  ffixui.o(.text)
    .text                                    0x08000856   Section        0  f2d.o(.text)
    .text                                    0x0800087c   Section        0  uidiv.o(.text)
    .text                                    0x080008a8   Section        0  uldiv.o(.text)
    .text                                    0x0800090a   Section        0  _chval.o(.text)
    .text                                    0x08000928   Section        0  scanf_char.o(.text)
    _scanf_char_input                        0x08000929   Thumb Code    12  scanf_char.o(.text)
    .text                                    0x08000950   Section        0  _sgetc.o(.text)
    .text                                    0x08000990   Section        0  iusefp.o(.text)
    .text                                    0x08000990   Section        0  fepilogue.o(.text)
    .text                                    0x080009fe   Section        0  dadd.o(.text)
    .text                                    0x08000b4c   Section        0  dmul.o(.text)
    .text                                    0x08000c30   Section        0  ddiv.o(.text)
    .text                                    0x08000d0e   Section        0  fflti.o(.text)
    .text                                    0x08000d20   Section        0  dfltul.o(.text)
    .text                                    0x08000d38   Section        0  dfixul.o(.text)
    .text                                    0x08000d68   Section        0  ffixir.o(.text)
    .text                                    0x08000db4   Section       48  cdrcmple.o(.text)
    .text                                    0x08000de4   Section        0  d2f.o(.text)
    .text                                    0x08000e1c   Section        0  fpstat.o(.text)
    .text                                    0x08000e20   Section       36  init.o(.text)
    .text                                    0x08000e44   Section        0  llshl.o(.text)
    .text                                    0x08000e62   Section        0  llsshr.o(.text)
    .text                                    0x08000e86   Section        0  isspace_c.o(.text)
    .text                                    0x08000e90   Section        0  _scanf.o(.text)
    .text                                    0x080011bc   Section        0  depilogue.o(.text)
    .text                                    0x08001278   Section        0  ctype_c.o(.text)
    i.ADC_ConversionStop_Disable             0x080012a0   Section        0  stm32f1xx_hal_adc.o(i.ADC_ConversionStop_Disable)
    i.ADC_Enable                             0x080012f8   Section        0  stm32f1xx_hal_adc.o(i.ADC_Enable)
    i.BusFault_Handler                       0x08001374   Section        0  stm32f1xx_it.o(i.BusFault_Handler)
    i.DHT11_DelayUs                          0x08001376   Section        0  dht11.o(i.DHT11_DelayUs)
    DHT11_DelayUs                            0x08001377   Thumb Code    18  dht11.o(i.DHT11_DelayUs)
    i.DHT11_Init                             0x08001388   Section        0  dht11.o(i.DHT11_Init)
    i.DHT11_PIN_OUT                          0x080013a8   Section        0  dht11.o(i.DHT11_PIN_OUT)
    DHT11_PIN_OUT                            0x080013a9   Thumb Code    28  dht11.o(i.DHT11_PIN_OUT)
    i.DHT11_ReadByte                         0x080013c8   Section        0  dht11.o(i.DHT11_ReadByte)
    DHT11_ReadByte                           0x080013c9   Thumb Code    80  dht11.o(i.DHT11_ReadByte)
    i.DHT11_ReadData                         0x0800141c   Section        0  dht11.o(i.DHT11_ReadData)
    i.DebugMon_Handler                       0x080014e0   Section        0  stm32f1xx_it.o(i.DebugMon_Handler)
    i.Error_Handler                          0x080014e2   Section        0  main.o(i.Error_Handler)
    i.HAL_ADC_ConfigChannel                  0x080014e8   Section        0  stm32f1xx_hal_adc.o(i.HAL_ADC_ConfigChannel)
    i.HAL_ADC_GetValue                       0x080015e4   Section        0  stm32f1xx_hal_adc.o(i.HAL_ADC_GetValue)
    i.HAL_ADC_Init                           0x080015ec   Section        0  stm32f1xx_hal_adc.o(i.HAL_ADC_Init)
    i.HAL_ADC_MspInit                        0x08001708   Section        0  adc.o(i.HAL_ADC_MspInit)
    i.HAL_ADC_PollForConversion              0x08001760   Section        0  stm32f1xx_hal_adc.o(i.HAL_ADC_PollForConversion)
    i.HAL_ADC_Start                          0x0800189c   Section        0  stm32f1xx_hal_adc.o(i.HAL_ADC_Start)
    i.HAL_ADC_Stop                           0x0800195c   Section        0  stm32f1xx_hal_adc.o(i.HAL_ADC_Stop)
    i.HAL_DMA_Abort                          0x08001990   Section        0  stm32f1xx_hal_dma.o(i.HAL_DMA_Abort)
    i.HAL_DMA_Abort_IT                       0x080019d8   Section        0  stm32f1xx_hal_dma.o(i.HAL_DMA_Abort_IT)
    i.HAL_Delay                              0x08001a70   Section        0  stm32f1xx_hal.o(i.HAL_Delay)
    i.HAL_GPIO_Init                          0x08001a94   Section        0  stm32f1xx_hal_gpio.o(i.HAL_GPIO_Init)
    i.HAL_GPIO_ReadPin                       0x08001c74   Section        0  stm32f1xx_hal_gpio.o(i.HAL_GPIO_ReadPin)
    i.HAL_GPIO_WritePin                      0x08001c7e   Section        0  stm32f1xx_hal_gpio.o(i.HAL_GPIO_WritePin)
    i.HAL_GetTick                            0x08001c88   Section        0  stm32f1xx_hal.o(i.HAL_GetTick)
    i.HAL_IncTick                            0x08001c94   Section        0  stm32f1xx_hal.o(i.HAL_IncTick)
    i.HAL_Init                               0x08001ca4   Section        0  stm32f1xx_hal.o(i.HAL_Init)
    i.HAL_InitTick                           0x08001cc8   Section        0  stm32f1xx_hal.o(i.HAL_InitTick)
    i.HAL_MspInit                            0x08001d08   Section        0  stm32f1xx_hal_msp.o(i.HAL_MspInit)
    i.HAL_NVIC_EnableIRQ                     0x08001d44   Section        0  stm32f1xx_hal_cortex.o(i.HAL_NVIC_EnableIRQ)
    i.HAL_NVIC_SetPriority                   0x08001d60   Section        0  stm32f1xx_hal_cortex.o(i.HAL_NVIC_SetPriority)
    i.HAL_NVIC_SetPriorityGrouping           0x08001da0   Section        0  stm32f1xx_hal_cortex.o(i.HAL_NVIC_SetPriorityGrouping)
    i.HAL_RCCEx_GetPeriphCLKFreq             0x08001dc4   Section        0  stm32f1xx_hal_rcc_ex.o(i.HAL_RCCEx_GetPeriphCLKFreq)
    i.HAL_RCCEx_PeriphCLKConfig              0x08001e68   Section        0  stm32f1xx_hal_rcc_ex.o(i.HAL_RCCEx_PeriphCLKConfig)
    i.HAL_RCC_ClockConfig                    0x08001f54   Section        0  stm32f1xx_hal_rcc.o(i.HAL_RCC_ClockConfig)
    i.HAL_RCC_GetPCLK1Freq                   0x08002080   Section        0  stm32f1xx_hal_rcc.o(i.HAL_RCC_GetPCLK1Freq)
    i.HAL_RCC_GetPCLK2Freq                   0x080020a0   Section        0  stm32f1xx_hal_rcc.o(i.HAL_RCC_GetPCLK2Freq)
    i.HAL_RCC_GetSysClockFreq                0x080020c0   Section        0  stm32f1xx_hal_rcc.o(i.HAL_RCC_GetSysClockFreq)
    i.HAL_RCC_OscConfig                      0x0800210c   Section        0  stm32f1xx_hal_rcc.o(i.HAL_RCC_OscConfig)
    i.HAL_SYSTICK_Config                     0x0800242c   Section        0  stm32f1xx_hal_cortex.o(i.HAL_SYSTICK_Config)
    i.HAL_TIMEx_MasterConfigSynchronization  0x08002454   Section        0  stm32f1xx_hal_tim_ex.o(i.HAL_TIMEx_MasterConfigSynchronization)
    i.HAL_TIM_Base_Init                      0x080024bc   Section        0  stm32f1xx_hal_tim.o(i.HAL_TIM_Base_Init)
    i.HAL_TIM_Base_MspInit                   0x08002518   Section        0  tim.o(i.HAL_TIM_Base_MspInit)
    i.HAL_TIM_ConfigClockSource              0x0800253c   Section        0  stm32f1xx_hal_tim.o(i.HAL_TIM_ConfigClockSource)
    i.HAL_TIM_MspPostInit                    0x08002618   Section        0  tim.o(i.HAL_TIM_MspPostInit)
    i.HAL_TIM_PWM_ConfigChannel              0x08002660   Section        0  stm32f1xx_hal_tim.o(i.HAL_TIM_PWM_ConfigChannel)
    i.HAL_TIM_PWM_Init                       0x0800272c   Section        0  stm32f1xx_hal_tim.o(i.HAL_TIM_PWM_Init)
    i.HAL_TIM_PWM_MspInit                    0x08002786   Section        0  stm32f1xx_hal_tim.o(i.HAL_TIM_PWM_MspInit)
    i.HAL_TIM_PWM_Start                      0x08002788   Section        0  stm32f1xx_hal_tim.o(i.HAL_TIM_PWM_Start)
    i.HAL_UARTEx_RxEventCallback             0x08002824   Section        0  stm32f1xx_hal_uart.o(i.HAL_UARTEx_RxEventCallback)
    i.HAL_UART_ErrorCallback                 0x08002826   Section        0  stm32f1xx_hal_uart.o(i.HAL_UART_ErrorCallback)
    i.HAL_UART_IRQHandler                    0x08002828   Section        0  stm32f1xx_hal_uart.o(i.HAL_UART_IRQHandler)
    i.HAL_UART_Init                          0x08002a94   Section        0  stm32f1xx_hal_uart.o(i.HAL_UART_Init)
    i.HAL_UART_MspInit                       0x08002af8   Section        0  usart.o(i.HAL_UART_MspInit)
    i.HAL_UART_Receive_IT                    0x08002b88   Section        0  stm32f1xx_hal_uart.o(i.HAL_UART_Receive_IT)
    i.HAL_UART_RxCpltCallback                0x08002ba4   Section        0  main.o(i.HAL_UART_RxCpltCallback)
    i.HAL_UART_Transmit                      0x08002c1c   Section        0  stm32f1xx_hal_uart.o(i.HAL_UART_Transmit)
    i.HAL_UART_TxCpltCallback                0x08002cbc   Section        0  stm32f1xx_hal_uart.o(i.HAL_UART_TxCpltCallback)
    i.HardFault_Handler                      0x08002cbe   Section        0  stm32f1xx_it.o(i.HardFault_Handler)
    i.MQ2_ADC_ToVoltage                      0x08002cc0   Section        0  main.o(i.MQ2_ADC_ToVoltage)
    MQ2_ADC_ToVoltage                        0x08002cc1   Thumb Code    22  main.o(i.MQ2_ADC_ToVoltage)
    i.MQ2_CalcPPM_ByArticle                  0x08002ce0   Section        0  main.o(i.MQ2_CalcPPM_ByArticle)
    MQ2_CalcPPM_ByArticle                    0x08002ce1   Thumb Code    46  main.o(i.MQ2_CalcPPM_ByArticle)
    i.MQ2_CalcRs                             0x08002d20   Section        0  main.o(i.MQ2_CalcRs)
    MQ2_CalcRs                               0x08002d21   Thumb Code    38  main.o(i.MQ2_CalcRs)
    i.MQ2_ReadAdcAverage                     0x08002d58   Section        0  main.o(i.MQ2_ReadAdcAverage)
    MQ2_ReadAdcAverage                       0x08002d59   Thumb Code    68  main.o(i.MQ2_ReadAdcAverage)
    i.MQ2_UpdateAlarm                        0x08002da0   Section        0  main.o(i.MQ2_UpdateAlarm)
    MQ2_UpdateAlarm                          0x08002da1   Thumb Code    32  main.o(i.MQ2_UpdateAlarm)
    i.MX_ADC1_Init                           0x08002dc4   Section        0  adc.o(i.MX_ADC1_Init)
    i.MX_GPIO_Init                           0x08002e14   Section        0  gpio.o(i.MX_GPIO_Init)
    i.MX_TIM2_Init                           0x08002f04   Section        0  tim.o(i.MX_TIM2_Init)
    i.MX_USART1_UART_Init                    0x08002fb0   Section        0  usart.o(i.MX_USART1_UART_Init)
    i.MemManage_Handler                      0x08002fe8   Section        0  stm32f1xx_it.o(i.MemManage_Handler)
    i.NMI_Handler                            0x08002fea   Section        0  stm32f1xx_it.o(i.NMI_Handler)
    i.PIR_Task                               0x08002fec   Section        0  main.o(i.PIR_Task)
    i.PendSV_Handler                         0x080030a8   Section        0  stm32f1xx_it.o(i.PendSV_Handler)
    i.Process_Uart_Command                   0x080030ac   Section        0  main.o(i.Process_Uart_Command)
    i.SVC_Handler                            0x080035a4   Section        0  stm32f1xx_it.o(i.SVC_Handler)
    i.Servo_SetAngle                         0x080035a8   Section        0  main.o(i.Servo_SetAngle)
    i.Servo_SmoothUpdate                     0x080035e0   Section        0  main.o(i.Servo_SmoothUpdate)
    i.StepMotor_RotateAngle                  0x08003624   Section        0  step_motor.o(i.StepMotor_RotateAngle)
    i.StepMotor_Run                          0x0800364c   Section        0  step_motor.o(i.StepMotor_Run)
    i.StepMotor_SetIO                        0x080036b0   Section        0  step_motor.o(i.StepMotor_SetIO)
    i.SysTick_Handler                        0x08003704   Section        0  stm32f1xx_it.o(i.SysTick_Handler)
    i.SystemClock_Config                     0x08003708   Section        0  main.o(i.SystemClock_Config)
    i.SystemInit                             0x08003780   Section        0  system_stm32f1xx.o(i.SystemInit)
    i.TIM_Base_SetConfig                     0x08003784   Section        0  stm32f1xx_hal_tim.o(i.TIM_Base_SetConfig)
    i.TIM_CCxChannelCmd                      0x080037fc   Section        0  stm32f1xx_hal_tim.o(i.TIM_CCxChannelCmd)
    i.TIM_ETR_SetConfig                      0x08003816   Section        0  stm32f1xx_hal_tim.o(i.TIM_ETR_SetConfig)
    i.TIM_ITRx_SetConfig                     0x0800382a   Section        0  stm32f1xx_hal_tim.o(i.TIM_ITRx_SetConfig)
    TIM_ITRx_SetConfig                       0x0800382b   Thumb Code    16  stm32f1xx_hal_tim.o(i.TIM_ITRx_SetConfig)
    i.TIM_OC1_SetConfig                      0x0800383c   Section        0  stm32f1xx_hal_tim.o(i.TIM_OC1_SetConfig)
    TIM_OC1_SetConfig                        0x0800383d   Thumb Code    74  stm32f1xx_hal_tim.o(i.TIM_OC1_SetConfig)
    i.TIM_OC2_SetConfig                      0x0800388c   Section        0  stm32f1xx_hal_tim.o(i.TIM_OC2_SetConfig)
    i.TIM_OC3_SetConfig                      0x080038e4   Section        0  stm32f1xx_hal_tim.o(i.TIM_OC3_SetConfig)
    TIM_OC3_SetConfig                        0x080038e5   Thumb Code    82  stm32f1xx_hal_tim.o(i.TIM_OC3_SetConfig)
    i.TIM_OC4_SetConfig                      0x0800393c   Section        0  stm32f1xx_hal_tim.o(i.TIM_OC4_SetConfig)
    TIM_OC4_SetConfig                        0x0800393d   Thumb Code    64  stm32f1xx_hal_tim.o(i.TIM_OC4_SetConfig)
    i.TIM_TI1_ConfigInputStage               0x08003980   Section        0  stm32f1xx_hal_tim.o(i.TIM_TI1_ConfigInputStage)
    TIM_TI1_ConfigInputStage                 0x08003981   Thumb Code    34  stm32f1xx_hal_tim.o(i.TIM_TI1_ConfigInputStage)
    i.TIM_TI2_ConfigInputStage               0x080039a2   Section        0  stm32f1xx_hal_tim.o(i.TIM_TI2_ConfigInputStage)
    TIM_TI2_ConfigInputStage                 0x080039a3   Thumb Code    36  stm32f1xx_hal_tim.o(i.TIM_TI2_ConfigInputStage)
    i.UART_DMAAbortOnError                   0x080039c6   Section        0  stm32f1xx_hal_uart.o(i.UART_DMAAbortOnError)
    UART_DMAAbortOnError                     0x080039c7   Thumb Code    16  stm32f1xx_hal_uart.o(i.UART_DMAAbortOnError)
    i.UART_EndRxTransfer                     0x080039d6   Section        0  stm32f1xx_hal_uart.o(i.UART_EndRxTransfer)
    UART_EndRxTransfer                       0x080039d7   Thumb Code    78  stm32f1xx_hal_uart.o(i.UART_EndRxTransfer)
    i.UART_Receive_IT                        0x08003a24   Section        0  stm32f1xx_hal_uart.o(i.UART_Receive_IT)
    UART_Receive_IT                          0x08003a25   Thumb Code   194  stm32f1xx_hal_uart.o(i.UART_Receive_IT)
    i.UART_SetConfig                         0x08003ae8   Section        0  stm32f1xx_hal_uart.o(i.UART_SetConfig)
    UART_SetConfig                           0x08003ae9   Thumb Code   178  stm32f1xx_hal_uart.o(i.UART_SetConfig)
    i.UART_Start_Receive_IT                  0x08003ba0   Section        0  stm32f1xx_hal_uart.o(i.UART_Start_Receive_IT)
    i.UART_WaitOnFlagUntilTimeout            0x08003bd6   Section        0  stm32f1xx_hal_uart.o(i.UART_WaitOnFlagUntilTimeout)
    UART_WaitOnFlagUntilTimeout              0x08003bd7   Thumb Code   114  stm32f1xx_hal_uart.o(i.UART_WaitOnFlagUntilTimeout)
    i.USART1_IRQHandler                      0x08003c48   Section        0  stm32f1xx_it.o(i.USART1_IRQHandler)
    i.UsageFault_Handler                     0x08003c54   Section        0  stm32f1xx_it.o(i.UsageFault_Handler)
    i.__0printf                              0x08003c58   Section        0  printfa.o(i.__0printf)
    i.__ARM_fpclassifyf                      0x08003c78   Section        0  fpclassifyf.o(i.__ARM_fpclassifyf)
    i.__NVIC_SetPriority                     0x08003c9e   Section        0  stm32f1xx_hal_cortex.o(i.__NVIC_SetPriority)
    __NVIC_SetPriority                       0x08003c9f   Thumb Code    32  stm32f1xx_hal_cortex.o(i.__NVIC_SetPriority)
    i.__mathlib_flt_divzero                  0x08003cbe   Section        0  funder.o(i.__mathlib_flt_divzero)
    i.__mathlib_flt_infnan2                  0x08003cc8   Section        0  funder.o(i.__mathlib_flt_infnan2)
    i.__mathlib_flt_invalid                  0x08003ccc   Section        0  funder.o(i.__mathlib_flt_invalid)
    i.__mathlib_flt_overflow                 0x08003cd4   Section        0  funder.o(i.__mathlib_flt_overflow)
    i.__mathlib_flt_underflow                0x08003cde   Section        0  funder.o(i.__mathlib_flt_underflow)
    i.__scatterload_copy                     0x08003ce8   Section       14  handlers.o(i.__scatterload_copy)
    i.__scatterload_null                     0x08003cf6   Section        2  handlers.o(i.__scatterload_null)
    i.__scatterload_zeroinit                 0x08003cf8   Section       14  handlers.o(i.__scatterload_zeroinit)
    i.__set_errno                            0x08003d08   Section        0  errno.o(i.__set_errno)
    i._fp_digits                             0x08003d14   Section        0  printfa.o(i._fp_digits)
    _fp_digits                               0x08003d15   Thumb Code   366  printfa.o(i._fp_digits)
    i._is_digit                              0x08003e98   Section        0  scanf_fp.o(i._is_digit)
    i._printf_core                           0x08003ea8   Section        0  printfa.o(i._printf_core)
    _printf_core                             0x08003ea9   Thumb Code  1744  printfa.o(i._printf_core)
    i._printf_post_padding                   0x08004584   Section        0  printfa.o(i._printf_post_padding)
    _printf_post_padding                     0x08004585   Thumb Code    36  printfa.o(i._printf_post_padding)
    i._printf_pre_padding                    0x080045a8   Section        0  printfa.o(i._printf_pre_padding)
    _printf_pre_padding                      0x080045a9   Thumb Code    46  printfa.o(i._printf_pre_padding)
    i.approach_int                           0x080045d6   Section        0  main.o(i.approach_int)
    approach_int                             0x080045d7   Thumb Code    30  main.o(i.approach_int)
    i.clamp_int                              0x080045f4   Section        0  main.o(i.clamp_int)
    clamp_int                                0x080045f5   Thumb Code    16  main.o(i.clamp_int)
    i.fputc                                  0x08004604   Section        0  main.o(i.fputc)
    i.main                                   0x0800461c   Section        0  main.o(i.main)
    i.powf                                   0x08004720   Section        0  powf.o(i.powf)
    .constdata                               0x08004d40   Section       18  stm32f1xx_hal_rcc.o(.constdata)
    aPredivFactorTable                       0x08004d40   Data           2  stm32f1xx_hal_rcc.o(.constdata)
    aPLLMULFactorTable                       0x08004d42   Data          16  stm32f1xx_hal_rcc.o(.constdata)
    .constdata                               0x08004d52   Section       18  stm32f1xx_hal_rcc_ex.o(.constdata)
    aPredivFactorTable                       0x08004d52   Data           2  stm32f1xx_hal_rcc_ex.o(.constdata)
    aPLLMULFactorTable                       0x08004d54   Data          16  stm32f1xx_hal_rcc_ex.o(.constdata)
    .constdata                               0x08004d64   Section       16  system_stm32f1xx.o(.constdata)
    .constdata                               0x08004d74   Section        8  system_stm32f1xx.o(.constdata)
    .constdata                               0x08004d7c   Section      320  powf.o(.constdata)
    table                                    0x08004d7c   Data         128  powf.o(.constdata)
    powersof2to1over16top                    0x08004dfc   Data          64  powf.o(.constdata)
    powersof2to1over16bot                    0x08004e3c   Data          64  powf.o(.constdata)
    powersof2to1over16all                    0x08004e7c   Data          64  powf.o(.constdata)
    .constdata                               0x08004ebc   Section       64  ctype_c.o(.constdata)
    .conststring                             0x08004efc   Section      141  main.o(.conststring)
    .data                                    0x20000000   Section       32  step_motor.o(.data)
    .data                                    0x20000020   Section        4  dht11.o(.data)
    .data                                    0x20000024   Section       52  main.o(.data)
    high_confirming                          0x2000002a   Data           1  main.o(.data)
    last_pin_state                           0x2000002b   Data           1  main.o(.data)
    mq2_r0_kohm                              0x2000004c   Data           4  main.o(.data)
    high_start_tick                          0x20000050   Data           4  main.o(.data)
    last_servo_smooth_tick                   0x20000054   Data           4  main.o(.data)
    .data                                    0x20000058   Section       12  stm32f1xx_hal.o(.data)
    .data                                    0x20000064   Section        4  system_stm32f1xx.o(.data)
    .data                                    0x20000068   Section        4  stdout.o(.data)
    .data                                    0x2000006c   Section        4  errno.o(.data)
    _errno                                   0x2000006c   Data           4  errno.o(.data)
    .bss                                     0x20000070   Section      128  main.o(.bss)
    .bss                                     0x200000f0   Section       48  adc.o(.bss)
    .bss                                     0x20000120   Section       72  tim.o(.bss)
    .bss                                     0x20000168   Section       72  usart.o(.bss)
    STACK                                    0x200001b0   Section     1024  startup_stm32f103xb.o(STACK)

    Global Symbols

    Symbol Name                              Value     Ov Type        Size  Object(Section)

    BuildAttributes$$THM_ISAv4$P$D$K$B$S$PE$A:L22UL41UL21$X:L11$S22US41US21$IEEE1$IW$USESV6$~STKCKD$USESV7$~SHL$OTIME$ROPI$IEEEX$EBA8$MICROLIB$REQ8$PRES8$EABIv2 0x00000000   Number         0  anon$$obj.o ABSOLUTE
    __ARM_use_no_argv                        0x00000000   Number         0  main.o ABSOLUTE
    _printf_a                                0x00000000   Number         0  stubs.o ABSOLUTE
    _printf_c                                0x00000000   Number         0  stubs.o ABSOLUTE
    _printf_charcount                        0x00000000   Number         0  stubs.o ABSOLUTE
    _printf_d                                0x00000000   Number         0  stubs.o ABSOLUTE
    _printf_e                                0x00000000   Number         0  stubs.o ABSOLUTE
    _printf_f                                0x00000000   Number         0  stubs.o ABSOLUTE
    _printf_flags                            0x00000000   Number         0  stubs.o ABSOLUTE
    _printf_fp_dec                           0x00000000   Number         0  stubs.o ABSOLUTE
    _printf_fp_hex                           0x00000000   Number         0  stubs.o ABSOLUTE
    _printf_g                                0x00000000   Number         0  stubs.o ABSOLUTE
    _printf_i                                0x00000000   Number         0  stubs.o ABSOLUTE
    _printf_int_dec                          0x00000000   Number         0  stubs.o ABSOLUTE
    _printf_l                                0x00000000   Number         0  stubs.o ABSOLUTE
    _printf_lc                               0x00000000   Number         0  stubs.o ABSOLUTE
    _printf_ll                               0x00000000   Number         0  stubs.o ABSOLUTE
    _printf_lld                              0x00000000   Number         0  stubs.o ABSOLUTE
    _printf_lli                              0x00000000   Number         0  stubs.o ABSOLUTE
    _printf_llo                              0x00000000   Number         0  stubs.o ABSOLUTE
    _printf_llu                              0x00000000   Number         0  stubs.o ABSOLUTE
    _printf_llx                              0x00000000   Number         0  stubs.o ABSOLUTE
    _printf_longlong_dec                     0x00000000   Number         0  stubs.o ABSOLUTE
    _printf_longlong_hex                     0x00000000   Number         0  stubs.o ABSOLUTE
    _printf_longlong_oct                     0x00000000   Number         0  stubs.o ABSOLUTE
    _printf_ls                               0x00000000   Number         0  stubs.o ABSOLUTE
    _printf_mbtowc                           0x00000000   Number         0  stubs.o ABSOLUTE
    _printf_n                                0x00000000   Number         0  stubs.o ABSOLUTE
    _printf_o                                0x00000000   Number         0  stubs.o ABSOLUTE
    _printf_p                                0x00000000   Number         0  stubs.o ABSOLUTE
    _printf_percent                          0x00000000   Number         0  stubs.o ABSOLUTE
    _printf_pre_padding                      0x00000000   Number         0  stubs.o ABSOLUTE
    _printf_return_value                     0x00000000   Number         0  stubs.o ABSOLUTE
    _printf_s                                0x00000000   Number         0  stubs.o ABSOLUTE
    _printf_sizespec                         0x00000000   Number         0  stubs.o ABSOLUTE
    _printf_str                              0x00000000   Number         0  stubs.o ABSOLUTE
    _printf_truncate_signed                  0x00000000   Number         0  stubs.o ABSOLUTE
    _printf_truncate_unsigned                0x00000000   Number         0  stubs.o ABSOLUTE
    _printf_u                                0x00000000   Number         0  stubs.o ABSOLUTE
    _printf_wc                               0x00000000   Number         0  stubs.o ABSOLUTE
    _printf_wctomb                           0x00000000   Number         0  stubs.o ABSOLUTE
    _printf_widthprec                        0x00000000   Number         0  stubs.o ABSOLUTE
    _printf_x                                0x00000000   Number         0  stubs.o ABSOLUTE
    __cpp_initialize__aeabi_                  - Undefined Weak Reference
    __cxa_finalize                            - Undefined Weak Reference
    __decompress                              - Undefined Weak Reference
    _clock_init                               - Undefined Weak Reference
    _microlib_exit                            - Undefined Weak Reference
    _scanf_longlong                           - Undefined Weak Reference
    _scanf_string                             - Undefined Weak Reference
    __Vectors_Size                           0x000000ec   Number         0  startup_stm32f103xb.o ABSOLUTE
    __Vectors                                0x08000000   Data           4  startup_stm32f103xb.o(RESET)
    __Vectors_End                            0x080000ec   Data           0  startup_stm32f103xb.o(RESET)
    __main                                   0x080000ed   Thumb Code     0  entry.o(.ARM.Collect$$$$00000000)
    _main_stk                                0x080000ed   Thumb Code     0  entry2.o(.ARM.Collect$$$$00000001)
    _main_scatterload                        0x080000f1   Thumb Code     0  entry5.o(.ARM.Collect$$$$00000004)
    __main_after_scatterload                 0x080000f5   Thumb Code     0  entry5.o(.ARM.Collect$$$$00000004)
    _main_clock                              0x080000f5   Thumb Code     0  entry7b.o(.ARM.Collect$$$$00000008)
    _main_cpp_init                           0x080000f5   Thumb Code     0  entry8b.o(.ARM.Collect$$$$0000000A)
    _main_init                               0x080000f5   Thumb Code     0  entry9a.o(.ARM.Collect$$$$0000000B)
    __rt_final_cpp                           0x080000fd   Thumb Code     0  entry10a.o(.ARM.Collect$$$$0000000D)
    __rt_final_exit                          0x080000fd   Thumb Code     0  entry11a.o(.ARM.Collect$$$$0000000F)
    Reset_Handler                            0x08000101   Thumb Code     8  startup_stm32f103xb.o(.text)
    ADC1_2_IRQHandler                        0x0800011b   Thumb Code     0  startup_stm32f103xb.o(.text)
    CAN1_RX1_IRQHandler                      0x0800011b   Thumb Code     0  startup_stm32f103xb.o(.text)
    CAN1_SCE_IRQHandler                      0x0800011b   Thumb Code     0  startup_stm32f103xb.o(.text)
    DMA1_Channel1_IRQHandler                 0x0800011b   Thumb Code     0  startup_stm32f103xb.o(.text)
    DMA1_Channel2_IRQHandler                 0x0800011b   Thumb Code     0  startup_stm32f103xb.o(.text)
    DMA1_Channel3_IRQHandler                 0x0800011b   Thumb Code     0  startup_stm32f103xb.o(.text)
    DMA1_Channel4_IRQHandler                 0x0800011b   Thumb Code     0  startup_stm32f103xb.o(.text)
    DMA1_Channel5_IRQHandler                 0x0800011b   Thumb Code     0  startup_stm32f103xb.o(.text)
    DMA1_Channel6_IRQHandler                 0x0800011b   Thumb Code     0  startup_stm32f103xb.o(.text)
    DMA1_Channel7_IRQHandler                 0x0800011b   Thumb Code     0  startup_stm32f103xb.o(.text)
    EXTI0_IRQHandler                         0x0800011b   Thumb Code     0  startup_stm32f103xb.o(.text)
    EXTI15_10_IRQHandler                     0x0800011b   Thumb Code     0  startup_stm32f103xb.o(.text)
    EXTI1_IRQHandler                         0x0800011b   Thumb Code     0  startup_stm32f103xb.o(.text)
    EXTI2_IRQHandler                         0x0800011b   Thumb Code     0  startup_stm32f103xb.o(.text)
    EXTI3_IRQHandler                         0x0800011b   Thumb Code     0  startup_stm32f103xb.o(.text)
    EXTI4_IRQHandler                         0x0800011b   Thumb Code     0  startup_stm32f103xb.o(.text)
    EXTI9_5_IRQHandler                       0x0800011b   Thumb Code     0  startup_stm32f103xb.o(.text)
    FLASH_IRQHandler                         0x0800011b   Thumb Code     0  startup_stm32f103xb.o(.text)
    I2C1_ER_IRQHandler                       0x0800011b   Thumb Code     0  startup_stm32f103xb.o(.text)
    I2C1_EV_IRQHandler                       0x0800011b   Thumb Code     0  startup_stm32f103xb.o(.text)
    I2C2_ER_IRQHandler                       0x0800011b   Thumb Code     0  startup_stm32f103xb.o(.text)
    I2C2_EV_IRQHandler                       0x0800011b   Thumb Code     0  startup_stm32f103xb.o(.text)
    PVD_IRQHandler                           0x0800011b   Thumb Code     0  startup_stm32f103xb.o(.text)
    RCC_IRQHandler                           0x0800011b   Thumb Code     0  startup_stm32f103xb.o(.text)
    RTC_Alarm_IRQHandler                     0x0800011b   Thumb Code     0  startup_stm32f103xb.o(.text)
    RTC_IRQHandler                           0x0800011b   Thumb Code     0  startup_stm32f103xb.o(.text)
    SPI1_IRQHandler                          0x0800011b   Thumb Code     0  startup_stm32f103xb.o(.text)
    SPI2_IRQHandler                          0x0800011b   Thumb Code     0  startup_stm32f103xb.o(.text)
    TAMPER_IRQHandler                        0x0800011b   Thumb Code     0  startup_stm32f103xb.o(.text)
    TIM1_BRK_IRQHandler                      0x0800011b   Thumb Code     0  startup_stm32f103xb.o(.text)
    TIM1_CC_IRQHandler                       0x0800011b   Thumb Code     0  startup_stm32f103xb.o(.text)
    TIM1_TRG_COM_IRQHandler                  0x0800011b   Thumb Code     0  startup_stm32f103xb.o(.text)
    TIM1_UP_IRQHandler                       0x0800011b   Thumb Code     0  startup_stm32f103xb.o(.text)
    TIM2_IRQHandler                          0x0800011b   Thumb Code     0  startup_stm32f103xb.o(.text)
    TIM3_IRQHandler                          0x0800011b   Thumb Code     0  startup_stm32f103xb.o(.text)
    TIM4_IRQHandler                          0x0800011b   Thumb Code     0  startup_stm32f103xb.o(.text)
    USART2_IRQHandler                        0x0800011b   Thumb Code     0  startup_stm32f103xb.o(.text)
    USART3_IRQHandler                        0x0800011b   Thumb Code     0  startup_stm32f103xb.o(.text)
    USBWakeUp_IRQHandler                     0x0800011b   Thumb Code     0  startup_stm32f103xb.o(.text)
    USB_HP_CAN1_TX_IRQHandler                0x0800011b   Thumb Code     0  startup_stm32f103xb.o(.text)
    USB_LP_CAN1_RX0_IRQHandler               0x0800011b   Thumb Code     0  startup_stm32f103xb.o(.text)
    WWDG_IRQHandler                          0x0800011b   Thumb Code     0  startup_stm32f103xb.o(.text)
    __aeabi_llsr                             0x08000125   Thumb Code    32  llushr.o(.text)
    _ll_ushift_r                             0x08000125   Thumb Code     0  llushr.o(.text)
    __aeabi_memset                           0x08000145   Thumb Code    14  memseta.o(.text)
    __aeabi_memset4                          0x08000145   Thumb Code     0  memseta.o(.text)
    __aeabi_memset8                          0x08000145   Thumb Code     0  memseta.o(.text)
    __aeabi_memclr                           0x08000153   Thumb Code     4  memseta.o(.text)
    __aeabi_memclr4                          0x08000153   Thumb Code     0  memseta.o(.text)
    __aeabi_memclr8                          0x08000153   Thumb Code     0  memseta.o(.text)
    _memset$wrapper                          0x08000157   Thumb Code    18  memseta.o(.text)
    strcmp                                   0x08000169   Thumb Code    28  strcmp.o(.text)
    strcpy                                   0x08000185   Thumb Code    18  strcpy.o(.text)
    __0sscanf                                0x08000199   Thumb Code    48  __0sscanf.o(.text)
    _scanf_int                               0x080001d1   Thumb Code   332  _scanf_int.o(.text)
    _scanf_real                              0x08000445   Thumb Code     0  scanf_fp.o(.text)
    _scanf_really_real                       0x08000445   Thumb Code   556  scanf_fp.o(.text)
    __aeabi_fadd                             0x0800067d   Thumb Code   164  fadd.o(.text)
    __aeabi_fsub                             0x08000721   Thumb Code     6  fadd.o(.text)
    __aeabi_frsub                            0x08000727   Thumb Code     6  fadd.o(.text)
    __aeabi_fmul                             0x0800072d   Thumb Code   100  fmul.o(.text)
    __aeabi_fdiv                             0x08000791   Thumb Code   124  fdiv.o(.text)
    __ARM_scalbnf                            0x0800080d   Thumb Code    24  fscalb.o(.text)
    scalbnf                                  0x0800080d   Thumb Code     0  fscalb.o(.text)
    __aeabi_ui2f                             0x08000825   Thumb Code    10  ffltui.o(.text)
    __aeabi_f2uiz                            0x0800082f   Thumb Code    40  ffixui.o(.text)
    __aeabi_f2d                              0x08000857   Thumb Code    38  f2d.o(.text)
    __aeabi_uidiv                            0x0800087d   Thumb Code     0  uidiv.o(.text)
    __aeabi_uidivmod                         0x0800087d   Thumb Code    44  uidiv.o(.text)
    __aeabi_uldivmod                         0x080008a9   Thumb Code    98  uldiv.o(.text)
    _chval                                   0x0800090b   Thumb Code    28  _chval.o(.text)
    __vfscanf_char                           0x08000935   Thumb Code    20  scanf_char.o(.text)
    _sgetc                                   0x08000951   Thumb Code    30  _sgetc.o(.text)
    _sbackspace                              0x0800096f   Thumb Code    34  _sgetc.o(.text)
    __I$use$fp                               0x08000991   Thumb Code     0  iusefp.o(.text)
    _float_round                             0x08000991   Thumb Code    18  fepilogue.o(.text)
    _float_epilogue                          0x080009a3   Thumb Code    92  fepilogue.o(.text)
    __aeabi_dadd                             0x080009ff   Thumb Code   322  dadd.o(.text)
    __aeabi_dsub                             0x08000b41   Thumb Code     6  dadd.o(.text)
    __aeabi_drsub                            0x08000b47   Thumb Code     6  dadd.o(.text)
    __aeabi_dmul                             0x08000b4d   Thumb Code   228  dmul.o(.text)
    __aeabi_ddiv                             0x08000c31   Thumb Code   222  ddiv.o(.text)
    __aeabi_i2f                              0x08000d0f   Thumb Code    18  fflti.o(.text)
    __aeabi_ul2d                             0x08000d21   Thumb Code    24  dfltul.o(.text)
    __aeabi_d2ulz                            0x08000d39   Thumb Code    48  dfixul.o(.text)
    _ffix_r                                  0x08000d69   Thumb Code    76  ffixir.o(.text)
    __aeabi_cdrcmple                         0x08000db5   Thumb Code    48  cdrcmple.o(.text)
    __aeabi_d2f                              0x08000de5   Thumb Code    56  d2f.o(.text)
    __fp_status                              0x08000e1d   Thumb Code     4  fpstat.o(.text)
    __ieee_status                            0x08000e1d   Thumb Code     0  fpstat.o(.text)
    __scatterload                            0x08000e21   Thumb Code    28  init.o(.text)
    __scatterload_rt2                        0x08000e21   Thumb Code     0  init.o(.text)
    __aeabi_llsl                             0x08000e45   Thumb Code    30  llshl.o(.text)
    _ll_shift_l                              0x08000e45   Thumb Code     0  llshl.o(.text)
    __aeabi_lasr                             0x08000e63   Thumb Code    36  llsshr.o(.text)
    _ll_sshift_r                             0x08000e63   Thumb Code     0  llsshr.o(.text)
    isspace                                  0x08000e87   Thumb Code    10  isspace_c.o(.text)
    __vfscanf                                0x08000e91   Thumb Code   808  _scanf.o(.text)
    _double_round                            0x080011bd   Thumb Code    30  depilogue.o(.text)
    _double_epilogue                         0x080011db   Thumb Code   156  depilogue.o(.text)
    __ctype_lookup                           0x08001279   Thumb Code    34  ctype_c.o(.text)
    ADC_ConversionStop_Disable               0x080012a1   Thumb Code    86  stm32f1xx_hal_adc.o(i.ADC_ConversionStop_Disable)
    ADC_Enable                               0x080012f9   Thumb Code   114  stm32f1xx_hal_adc.o(i.ADC_Enable)
    BusFault_Handler                         0x08001375   Thumb Code     2  stm32f1xx_it.o(i.BusFault_Handler)
    DHT11_Init                               0x08001389   Thumb Code    26  dht11.o(i.DHT11_Init)
    DHT11_ReadData                           0x0800141d   Thumb Code   188  dht11.o(i.DHT11_ReadData)
    DebugMon_Handler                         0x080014e1   Thumb Code     2  stm32f1xx_it.o(i.DebugMon_Handler)
    Error_Handler                            0x080014e3   Thumb Code     4  main.o(i.Error_Handler)
    HAL_ADC_ConfigChannel                    0x080014e9   Thumb Code   240  stm32f1xx_hal_adc.o(i.HAL_ADC_ConfigChannel)
    HAL_ADC_GetValue                         0x080015e5   Thumb Code     6  stm32f1xx_hal_adc.o(i.HAL_ADC_GetValue)
    HAL_ADC_Init                             0x080015ed   Thumb Code   272  stm32f1xx_hal_adc.o(i.HAL_ADC_Init)
    HAL_ADC_MspInit                          0x08001709   Thumb Code    76  adc.o(i.HAL_ADC_MspInit)
    HAL_ADC_PollForConversion                0x08001761   Thumb Code   304  stm32f1xx_hal_adc.o(i.HAL_ADC_PollForConversion)
    HAL_ADC_Start                            0x0800189d   Thumb Code   184  stm32f1xx_hal_adc.o(i.HAL_ADC_Start)
    HAL_ADC_Stop                             0x0800195d   Thumb Code    52  stm32f1xx_hal_adc.o(i.HAL_ADC_Stop)
    HAL_DMA_Abort                            0x08001991   Thumb Code    70  stm32f1xx_hal_dma.o(i.HAL_DMA_Abort)
    HAL_DMA_Abort_IT                         0x080019d9   Thumb Code   148  stm32f1xx_hal_dma.o(i.HAL_DMA_Abort_IT)
    HAL_Delay                                0x08001a71   Thumb Code    32  stm32f1xx_hal.o(i.HAL_Delay)
    HAL_GPIO_Init                            0x08001a95   Thumb Code   446  stm32f1xx_hal_gpio.o(i.HAL_GPIO_Init)
    HAL_GPIO_ReadPin                         0x08001c75   Thumb Code    10  stm32f1xx_hal_gpio.o(i.HAL_GPIO_ReadPin)
    HAL_GPIO_WritePin                        0x08001c7f   Thumb Code    10  stm32f1xx_hal_gpio.o(i.HAL_GPIO_WritePin)
    HAL_GetTick                              0x08001c89   Thumb Code     6  stm32f1xx_hal.o(i.HAL_GetTick)
    HAL_IncTick                              0x08001c95   Thumb Code    12  stm32f1xx_hal.o(i.HAL_IncTick)
    HAL_Init                                 0x08001ca5   Thumb Code    32  stm32f1xx_hal.o(i.HAL_Init)
    HAL_InitTick                             0x08001cc9   Thumb Code    54  stm32f1xx_hal.o(i.HAL_InitTick)
    HAL_MspInit                              0x08001d09   Thumb Code    52  stm32f1xx_hal_msp.o(i.HAL_MspInit)
    HAL_NVIC_EnableIRQ                       0x08001d45   Thumb Code    26  stm32f1xx_hal_cortex.o(i.HAL_NVIC_EnableIRQ)
    HAL_NVIC_SetPriority                     0x08001d61   Thumb Code    60  stm32f1xx_hal_cortex.o(i.HAL_NVIC_SetPriority)
    HAL_NVIC_SetPriorityGrouping             0x08001da1   Thumb Code    26  stm32f1xx_hal_cortex.o(i.HAL_NVIC_SetPriorityGrouping)
    HAL_RCCEx_GetPeriphCLKFreq               0x08001dc5   Thumb Code   148  stm32f1xx_hal_rcc_ex.o(i.HAL_RCCEx_GetPeriphCLKFreq)
    HAL_RCCEx_PeriphCLKConfig                0x08001e69   Thumb Code   224  stm32f1xx_hal_rcc_ex.o(i.HAL_RCCEx_PeriphCLKConfig)
    HAL_RCC_ClockConfig                      0x08001f55   Thumb Code   280  stm32f1xx_hal_rcc.o(i.HAL_RCC_ClockConfig)
    HAL_RCC_GetPCLK1Freq                     0x08002081   Thumb Code    20  stm32f1xx_hal_rcc.o(i.HAL_RCC_GetPCLK1Freq)
    HAL_RCC_GetPCLK2Freq                     0x080020a1   Thumb Code    20  stm32f1xx_hal_rcc.o(i.HAL_RCC_GetPCLK2Freq)
    HAL_RCC_GetSysClockFreq                  0x080020c1   Thumb Code    58  stm32f1xx_hal_rcc.o(i.HAL_RCC_GetSysClockFreq)
    HAL_RCC_OscConfig                        0x0800210d   Thumb Code   778  stm32f1xx_hal_rcc.o(i.HAL_RCC_OscConfig)
    HAL_SYSTICK_Config                       0x0800242d   Thumb Code    40  stm32f1xx_hal_cortex.o(i.HAL_SYSTICK_Config)
    HAL_TIMEx_MasterConfigSynchronization    0x08002455   Thumb Code    92  stm32f1xx_hal_tim_ex.o(i.HAL_TIMEx_MasterConfigSynchronization)
    HAL_TIM_Base_Init                        0x080024bd   Thumb Code    90  stm32f1xx_hal_tim.o(i.HAL_TIM_Base_Init)
    HAL_TIM_Base_MspInit                     0x08002519   Thumb Code    30  tim.o(i.HAL_TIM_Base_MspInit)
    HAL_TIM_ConfigClockSource                0x0800253d   Thumb Code   220  stm32f1xx_hal_tim.o(i.HAL_TIM_ConfigClockSource)
    HAL_TIM_MspPostInit                      0x08002619   Thumb Code    62  tim.o(i.HAL_TIM_MspPostInit)
    HAL_TIM_PWM_ConfigChannel                0x08002661   Thumb Code   204  stm32f1xx_hal_tim.o(i.HAL_TIM_PWM_ConfigChannel)
    HAL_TIM_PWM_Init                         0x0800272d   Thumb Code    90  stm32f1xx_hal_tim.o(i.HAL_TIM_PWM_Init)
    HAL_TIM_PWM_MspInit                      0x08002787   Thumb Code     2  stm32f1xx_hal_tim.o(i.HAL_TIM_PWM_MspInit)
    HAL_TIM_PWM_Start                        0x08002789   Thumb Code   144  stm32f1xx_hal_tim.o(i.HAL_TIM_PWM_Start)
    HAL_UARTEx_RxEventCallback               0x08002825   Thumb Code     2  stm32f1xx_hal_uart.o(i.HAL_UARTEx_RxEventCallback)
    HAL_UART_ErrorCallback                   0x08002827   Thumb Code     2  stm32f1xx_hal_uart.o(i.HAL_UART_ErrorCallback)
    HAL_UART_IRQHandler                      0x08002829   Thumb Code   616  stm32f1xx_hal_uart.o(i.HAL_UART_IRQHandler)
    HAL_UART_Init                            0x08002a95   Thumb Code   100  stm32f1xx_hal_uart.o(i.HAL_UART_Init)
    HAL_UART_MspInit                         0x08002af9   Thumb Code   128  usart.o(i.HAL_UART_MspInit)
    HAL_UART_Receive_IT                      0x08002b89   Thumb Code    28  stm32f1xx_hal_uart.o(i.HAL_UART_Receive_IT)
    HAL_UART_RxCpltCallback                  0x08002ba5   Thumb Code   102  main.o(i.HAL_UART_RxCpltCallback)
    HAL_UART_Transmit                        0x08002c1d   Thumb Code   160  stm32f1xx_hal_uart.o(i.HAL_UART_Transmit)
    HAL_UART_TxCpltCallback                  0x08002cbd   Thumb Code     2  stm32f1xx_hal_uart.o(i.HAL_UART_TxCpltCallback)
    HardFault_Handler                        0x08002cbf   Thumb Code     2  stm32f1xx_it.o(i.HardFault_Handler)
    MX_ADC1_Init                             0x08002dc5   Thumb Code    70  adc.o(i.MX_ADC1_Init)
    MX_GPIO_Init                             0x08002e15   Thumb Code   220  gpio.o(i.MX_GPIO_Init)
    MX_TIM2_Init                             0x08002f05   Thumb Code   168  tim.o(i.MX_TIM2_Init)
    MX_USART1_UART_Init                      0x08002fb1   Thumb Code    48  usart.o(i.MX_USART1_UART_Init)
    MemManage_Handler                        0x08002fe9   Thumb Code     2  stm32f1xx_it.o(i.MemManage_Handler)
    NMI_Handler                              0x08002feb   Thumb Code     2  stm32f1xx_it.o(i.NMI_Handler)
    PIR_Task                                 0x08002fed   Thumb Code   144  main.o(i.PIR_Task)
    PendSV_Handler                           0x080030a9   Thumb Code     2  stm32f1xx_it.o(i.PendSV_Handler)
    Process_Uart_Command                     0x080030ad   Thumb Code   740  main.o(i.Process_Uart_Command)
    SVC_Handler                              0x080035a5   Thumb Code     2  stm32f1xx_it.o(i.SVC_Handler)
    Servo_SetAngle                           0x080035a9   Thumb Code    52  main.o(i.Servo_SetAngle)
    Servo_SmoothUpdate                       0x080035e1   Thumb Code    62  main.o(i.Servo_SmoothUpdate)
    StepMotor_RotateAngle                    0x08003625   Thumb Code    36  step_motor.o(i.StepMotor_RotateAngle)
    StepMotor_Run                            0x0800364d   Thumb Code    94  step_motor.o(i.StepMotor_Run)
    StepMotor_SetIO                          0x080036b1   Thumb Code    80  step_motor.o(i.StepMotor_SetIO)
    SysTick_Handler                          0x08003705   Thumb Code     4  stm32f1xx_it.o(i.SysTick_Handler)
    SystemClock_Config                       0x08003709   Thumb Code   120  main.o(i.SystemClock_Config)
    SystemInit                               0x08003781   Thumb Code     2  system_stm32f1xx.o(i.SystemInit)
    TIM_Base_SetConfig                       0x08003785   Thumb Code   108  stm32f1xx_hal_tim.o(i.TIM_Base_SetConfig)
    TIM_CCxChannelCmd                        0x080037fd   Thumb Code    26  stm32f1xx_hal_tim.o(i.TIM_CCxChannelCmd)
    TIM_ETR_SetConfig                        0x08003817   Thumb Code    20  stm32f1xx_hal_tim.o(i.TIM_ETR_SetConfig)
    TIM_OC2_SetConfig                        0x0800388d   Thumb Code    84  stm32f1xx_hal_tim.o(i.TIM_OC2_SetConfig)
    UART_Start_Receive_IT                    0x08003ba1   Thumb Code    54  stm32f1xx_hal_uart.o(i.UART_Start_Receive_IT)
    USART1_IRQHandler                        0x08003c49   Thumb Code     6  stm32f1xx_it.o(i.USART1_IRQHandler)
    UsageFault_Handler                       0x08003c55   Thumb Code     2  stm32f1xx_it.o(i.UsageFault_Handler)
    __0printf                                0x08003c59   Thumb Code    22  printfa.o(i.__0printf)
    __1printf                                0x08003c59   Thumb Code     0  printfa.o(i.__0printf)
    __2printf                                0x08003c59   Thumb Code     0  printfa.o(i.__0printf)
    __c89printf                              0x08003c59   Thumb Code     0  printfa.o(i.__0printf)
    printf                                   0x08003c59   Thumb Code     0  printfa.o(i.__0printf)
    __ARM_fpclassifyf                        0x08003c79   Thumb Code    38  fpclassifyf.o(i.__ARM_fpclassifyf)
    __mathlib_flt_divzero                    0x08003cbf   Thumb Code    10  funder.o(i.__mathlib_flt_divzero)
    __mathlib_flt_infnan2                    0x08003cc9   Thumb Code     4  funder.o(i.__mathlib_flt_infnan2)
    __mathlib_flt_invalid                    0x08003ccd   Thumb Code     8  funder.o(i.__mathlib_flt_invalid)
    __mathlib_flt_overflow                   0x08003cd5   Thumb Code    10  funder.o(i.__mathlib_flt_overflow)
    __mathlib_flt_underflow                  0x08003cdf   Thumb Code    10  funder.o(i.__mathlib_flt_underflow)
    __scatterload_copy                       0x08003ce9   Thumb Code    14  handlers.o(i.__scatterload_copy)
    __scatterload_null                       0x08003cf7   Thumb Code     2  handlers.o(i.__scatterload_null)
    __scatterload_zeroinit                   0x08003cf9   Thumb Code    14  handlers.o(i.__scatterload_zeroinit)
    __set_errno                              0x08003d09   Thumb Code     6  errno.o(i.__set_errno)
    _is_digit                                0x08003e99   Thumb Code    14  scanf_fp.o(i._is_digit)
    fputc                                    0x08004605   Thumb Code    18  main.o(i.fputc)
    main                                     0x0800461d   Thumb Code   170  main.o(i.main)
    __mathlib_powf                           0x08004721   Thumb Code     0  powf.o(i.powf)
    powf                                     0x08004721   Thumb Code  1548  powf.o(i.powf)
    AHBPrescTable                            0x08004d64   Data          16  system_stm32f1xx.o(.constdata)
    APBPrescTable                            0x08004d74   Data           8  system_stm32f1xx.o(.constdata)
    __ctype_categories                       0x08004ebc   Data          64  ctype_c.o(.constdata)
    Region$$Table$$Base                      0x08004f8c   Number         0  anon$$obj.o(Region$$Table)
    Region$$Table$$Limit                     0x08004fac   Number         0  anon$$obj.o(Region$$Table)
    step_table                               0x20000000   Data          32  step_motor.o(.data)
    dht11_data                               0x20000020   Data           4  dht11.o(.data)
    uart_rx_idx                              0x20000024   Data           1  main.o(.data)
    uart_cmd_ready                           0x20000025   Data           1  main.o(.data)
    pir_motion_event                         0x20000026   Data           1  main.o(.data)
    pir_reported_active                      0x20000027   Data           1  main.o(.data)
    host_sleep_armed                         0x20000028   Data           1  main.o(.data)
    mq2_alarm_state                          0x20000029   Data           1  main.o(.data)
    uart_rx_byte                             0x2000002c   Data           1  main.o(.data)
    servo_h_angle                            0x20000030   Data           4  main.o(.data)
    servo_v_angle                            0x20000034   Data           4  main.o(.data)
    servo_h_target_angle                     0x20000038   Data           4  main.o(.data)
    servo_v_target_angle                     0x2000003c   Data           4  main.o(.data)
    last_dht11_tick                          0x20000040   Data           4  main.o(.data)
    pir_last_trigger_tick                    0x20000044   Data           4  main.o(.data)
    pir_hold_until_tick                      0x20000048   Data           4  main.o(.data)
    uwTickFreq                               0x20000058   Data           1  stm32f1xx_hal.o(.data)
    uwTickPrio                               0x2000005c   Data           4  stm32f1xx_hal.o(.data)
    uwTick                                   0x20000060   Data           4  stm32f1xx_hal.o(.data)
    SystemCoreClock                          0x20000064   Data           4  system_stm32f1xx.o(.data)
    __stdout                                 0x20000068   Data           4  stdout.o(.data)
    uart_rx_buf                              0x20000070   Data          64  main.o(.bss)
    uart_cmd_buf                             0x200000b0   Data          64  main.o(.bss)
    hadc1                                    0x200000f0   Data          48  adc.o(.bss)
    htim2                                    0x20000120   Data          72  tim.o(.bss)
    huart1                                   0x20000168   Data          72  usart.o(.bss)
    __initial_sp                             0x200005b0   Data           0  startup_stm32f103xb.o(STACK)



==============================================================================

Memory Map of the image

  Image Entry point : 0x080000ed

  Load Region LR_IROM1 (Base: 0x08000000, Size: 0x0000501c, Max: 0x00010000, ABSOLUTE)

    Execution Region ER_IROM1 (Exec base: 0x08000000, Load base: 0x08000000, Size: 0x00004fac, Max: 0x00010000, ABSOLUTE)

    Exec Addr    Load Addr    Size         Type   Attr      Idx    E Section Name        Object

    0x08000000   0x08000000   0x000000ec   Data   RO            3    RESET               startup_stm32f103xb.o
    0x080000ec   0x080000ec   0x00000000   Code   RO         3286  * .ARM.Collect$$$$00000000  mc_w.l(entry.o)
    0x080000ec   0x080000ec   0x00000004   Code   RO         3596    .ARM.Collect$$$$00000001  mc_w.l(entry2.o)
    0x080000f0   0x080000f0   0x00000004   Code   RO         3599    .ARM.Collect$$$$00000004  mc_w.l(entry5.o)
    0x080000f4   0x080000f4   0x00000000   Code   RO         3601    .ARM.Collect$$$$00000008  mc_w.l(entry7b.o)
    0x080000f4   0x080000f4   0x00000000   Code   RO         3603    .ARM.Collect$$$$0000000A  mc_w.l(entry8b.o)
    0x080000f4   0x080000f4   0x00000008   Code   RO         3604    .ARM.Collect$$$$0000000B  mc_w.l(entry9a.o)
    0x080000fc   0x080000fc   0x00000000   Code   RO         3606    .ARM.Collect$$$$0000000D  mc_w.l(entry10a.o)
    0x080000fc   0x080000fc   0x00000000   Code   RO         3608    .ARM.Collect$$$$0000000F  mc_w.l(entry11a.o)
    0x080000fc   0x080000fc   0x00000004   Code   RO         3597    .ARM.Collect$$$$00002712  mc_w.l(entry2.o)
    0x08000100   0x08000100   0x00000024   Code   RO            4    .text               startup_stm32f103xb.o
    0x08000124   0x08000124   0x00000020   Code   RO         3289    .text               mc_w.l(llushr.o)
    0x08000144   0x08000144   0x00000024   Code   RO         3291    .text               mc_w.l(memseta.o)
    0x08000168   0x08000168   0x0000001c   Code   RO         3293    .text               mc_w.l(strcmp.o)
    0x08000184   0x08000184   0x00000012   Code   RO         3295    .text               mc_w.l(strcpy.o)
    0x08000196   0x08000196   0x00000002   PAD
    0x08000198   0x08000198   0x00000038   Code   RO         3558    .text               mc_w.l(__0sscanf.o)
    0x080001d0   0x080001d0   0x0000014c   Code   RO         3560    .text               mc_w.l(_scanf_int.o)
    0x0800031c   0x0800031c   0x00000360   Code   RO         3562    .text               mc_w.l(scanf_fp.o)
    0x0800067c   0x0800067c   0x000000b0   Code   RO         3566    .text               mf_w.l(fadd.o)
    0x0800072c   0x0800072c   0x00000064   Code   RO         3568    .text               mf_w.l(fmul.o)
    0x08000790   0x08000790   0x0000007c   Code   RO         3570    .text               mf_w.l(fdiv.o)
    0x0800080c   0x0800080c   0x00000018   Code   RO         3572    .text               mf_w.l(fscalb.o)
    0x08000824   0x08000824   0x0000000a   Code   RO         3574    .text               mf_w.l(ffltui.o)
    0x0800082e   0x0800082e   0x00000028   Code   RO         3576    .text               mf_w.l(ffixui.o)
    0x08000856   0x08000856   0x00000026   Code   RO         3578    .text               mf_w.l(f2d.o)
    0x0800087c   0x0800087c   0x0000002c   Code   RO         3611    .text               mc_w.l(uidiv.o)
    0x080008a8   0x080008a8   0x00000062   Code   RO         3613    .text               mc_w.l(uldiv.o)
    0x0800090a   0x0800090a   0x0000001c   Code   RO         3622    .text               mc_w.l(_chval.o)
    0x08000926   0x08000926   0x00000002   PAD
    0x08000928   0x08000928   0x00000028   Code   RO         3624    .text               mc_w.l(scanf_char.o)
    0x08000950   0x08000950   0x00000040   Code   RO         3626    .text               mc_w.l(_sgetc.o)
    0x08000990   0x08000990   0x00000000   Code   RO         3628    .text               mc_w.l(iusefp.o)
    0x08000990   0x08000990   0x0000006e   Code   RO         3629    .text               mf_w.l(fepilogue.o)
    0x080009fe   0x080009fe   0x0000014e   Code   RO         3631    .text               mf_w.l(dadd.o)
    0x08000b4c   0x08000b4c   0x000000e4   Code   RO         3633    .text               mf_w.l(dmul.o)
    0x08000c30   0x08000c30   0x000000de   Code   RO         3635    .text               mf_w.l(ddiv.o)
    0x08000d0e   0x08000d0e   0x00000012   Code   RO         3637    .text               mf_w.l(fflti.o)
    0x08000d20   0x08000d20   0x00000018   Code   RO         3639    .text               mf_w.l(dfltul.o)
    0x08000d38   0x08000d38   0x00000030   Code   RO         3641    .text               mf_w.l(dfixul.o)
    0x08000d68   0x08000d68   0x0000004c   Code   RO         3643    .text               mf_w.l(ffixir.o)
    0x08000db4   0x08000db4   0x00000030   Code   RO         3645    .text               mf_w.l(cdrcmple.o)
    0x08000de4   0x08000de4   0x00000038   Code   RO         3647    .text               mf_w.l(d2f.o)
    0x08000e1c   0x08000e1c   0x00000004   Code   RO         3649    .text               mf_w.l(fpstat.o)
    0x08000e20   0x08000e20   0x00000024   Code   RO         3651    .text               mc_w.l(init.o)
    0x08000e44   0x08000e44   0x0000001e   Code   RO         3653    .text               mc_w.l(llshl.o)
    0x08000e62   0x08000e62   0x00000024   Code   RO         3655    .text               mc_w.l(llsshr.o)
    0x08000e86   0x08000e86   0x0000000a   Code   RO         3657    .text               mc_w.l(isspace_c.o)
    0x08000e90   0x08000e90   0x0000032c   Code   RO         3659    .text               mc_w.l(_scanf.o)
    0x080011bc   0x080011bc   0x000000ba   Code   RO         3661    .text               mf_w.l(depilogue.o)
    0x08001276   0x08001276   0x00000002   PAD
    0x08001278   0x08001278   0x00000028   Code   RO         3663    .text               mc_w.l(ctype_c.o)
    0x080012a0   0x080012a0   0x00000056   Code   RO          652    i.ADC_ConversionStop_Disable  stm32f1xx_hal_adc.o
    0x080012f6   0x080012f6   0x00000002   PAD
    0x080012f8   0x080012f8   0x0000007c   Code   RO          656    i.ADC_Enable        stm32f1xx_hal_adc.o
    0x08001374   0x08001374   0x00000002   Code   RO          510    i.BusFault_Handler  stm32f1xx_it.o
    0x08001376   0x08001376   0x00000012   Code   RO          146    i.DHT11_DelayUs     dht11.o
    0x08001388   0x08001388   0x00000020   Code   RO          147    i.DHT11_Init        dht11.o
    0x080013a8   0x080013a8   0x00000020   Code   RO          148    i.DHT11_PIN_OUT     dht11.o
    0x080013c8   0x080013c8   0x00000054   Code   RO          149    i.DHT11_ReadByte    dht11.o
    0x0800141c   0x0800141c   0x000000c4   Code   RO          150    i.DHT11_ReadData    dht11.o
    0x080014e0   0x080014e0   0x00000002   Code   RO          511    i.DebugMon_Handler  stm32f1xx_it.o
    0x080014e2   0x080014e2   0x00000004   Code   RO          197    i.Error_Handler     main.o
    0x080014e6   0x080014e6   0x00000002   PAD
    0x080014e8   0x080014e8   0x000000fc   Code   RO          658    i.HAL_ADC_ConfigChannel  stm32f1xx_hal_adc.o
    0x080015e4   0x080015e4   0x00000006   Code   RO          665    i.HAL_ADC_GetValue  stm32f1xx_hal_adc.o
    0x080015ea   0x080015ea   0x00000002   PAD
    0x080015ec   0x080015ec   0x0000011c   Code   RO          667    i.HAL_ADC_Init      stm32f1xx_hal_adc.o
    0x08001708   0x08001708   0x00000058   Code   RO          379    i.HAL_ADC_MspInit   adc.o
    0x08001760   0x08001760   0x0000013c   Code   RO          671    i.HAL_ADC_PollForConversion  stm32f1xx_hal_adc.o
    0x0800189c   0x0800189c   0x000000c0   Code   RO          673    i.HAL_ADC_Start     stm32f1xx_hal_adc.o
    0x0800195c   0x0800195c   0x00000034   Code   RO          676    i.HAL_ADC_Stop      stm32f1xx_hal_adc.o
    0x08001990   0x08001990   0x00000046   Code   RO         1309    i.HAL_DMA_Abort     stm32f1xx_hal_dma.o
    0x080019d6   0x080019d6   0x00000002   PAD
    0x080019d8   0x080019d8   0x00000098   Code   RO         1310    i.HAL_DMA_Abort_IT  stm32f1xx_hal_dma.o
    0x08001a70   0x08001a70   0x00000024   Code   RO          935    i.HAL_Delay         stm32f1xx_hal.o
    0x08001a94   0x08001a94   0x000001e0   Code   RO         1245    i.HAL_GPIO_Init     stm32f1xx_hal_gpio.o
    0x08001c74   0x08001c74   0x0000000a   Code   RO         1247    i.HAL_GPIO_ReadPin  stm32f1xx_hal_gpio.o
    0x08001c7e   0x08001c7e   0x0000000a   Code   RO         1249    i.HAL_GPIO_WritePin  stm32f1xx_hal_gpio.o
    0x08001c88   0x08001c88   0x0000000c   Code   RO          939    i.HAL_GetTick       stm32f1xx_hal.o
    0x08001c94   0x08001c94   0x00000010   Code   RO          945    i.HAL_IncTick       stm32f1xx_hal.o
    0x08001ca4   0x08001ca4   0x00000024   Code   RO          946    i.HAL_Init          stm32f1xx_hal.o
    0x08001cc8   0x08001cc8   0x00000040   Code   RO          947    i.HAL_InitTick      stm32f1xx_hal.o
    0x08001d08   0x08001d08   0x0000003c   Code   RO          592    i.HAL_MspInit       stm32f1xx_hal_msp.o
    0x08001d44   0x08001d44   0x0000001a   Code   RO         1405    i.HAL_NVIC_EnableIRQ  stm32f1xx_hal_cortex.o
    0x08001d5e   0x08001d5e   0x00000002   PAD
    0x08001d60   0x08001d60   0x00000040   Code   RO         1411    i.HAL_NVIC_SetPriority  stm32f1xx_hal_cortex.o
    0x08001da0   0x08001da0   0x00000024   Code   RO         1412    i.HAL_NVIC_SetPriorityGrouping  stm32f1xx_hal_cortex.o
    0x08001dc4   0x08001dc4   0x000000a4   Code   RO         1206    i.HAL_RCCEx_GetPeriphCLKFreq  stm32f1xx_hal_rcc_ex.o
    0x08001e68   0x08001e68   0x000000ec   Code   RO         1207    i.HAL_RCCEx_PeriphCLKConfig  stm32f1xx_hal_rcc_ex.o
    0x08001f54   0x08001f54   0x0000012c   Code   RO         1103    i.HAL_RCC_ClockConfig  stm32f1xx_hal_rcc.o
    0x08002080   0x08002080   0x00000020   Code   RO         1110    i.HAL_RCC_GetPCLK1Freq  stm32f1xx_hal_rcc.o
    0x080020a0   0x080020a0   0x00000020   Code   RO         1111    i.HAL_RCC_GetPCLK2Freq  stm32f1xx_hal_rcc.o
    0x080020c0   0x080020c0   0x0000004c   Code   RO         1112    i.HAL_RCC_GetSysClockFreq  stm32f1xx_hal_rcc.o
    0x0800210c   0x0800210c   0x00000320   Code   RO         1115    i.HAL_RCC_OscConfig  stm32f1xx_hal_rcc.o
    0x0800242c   0x0800242c   0x00000028   Code   RO         1416    i.HAL_SYSTICK_Config  stm32f1xx_hal_cortex.o
    0x08002454   0x08002454   0x00000068   Code   RO         2630    i.HAL_TIMEx_MasterConfigSynchronization  stm32f1xx_hal_tim_ex.o
    0x080024bc   0x080024bc   0x0000005a   Code   RO         1907    i.HAL_TIM_Base_Init  stm32f1xx_hal_tim.o
    0x08002516   0x08002516   0x00000002   PAD
    0x08002518   0x08002518   0x00000024   Code   RO          421    i.HAL_TIM_Base_MspInit  tim.o
    0x0800253c   0x0800253c   0x000000dc   Code   RO         1916    i.HAL_TIM_ConfigClockSource  stm32f1xx_hal_tim.o
    0x08002618   0x08002618   0x00000048   Code   RO          422    i.HAL_TIM_MspPostInit  tim.o
    0x08002660   0x08002660   0x000000cc   Code   RO         1979    i.HAL_TIM_PWM_ConfigChannel  stm32f1xx_hal_tim.o
    0x0800272c   0x0800272c   0x0000005a   Code   RO         1982    i.HAL_TIM_PWM_Init  stm32f1xx_hal_tim.o
    0x08002786   0x08002786   0x00000002   Code   RO         1984    i.HAL_TIM_PWM_MspInit  stm32f1xx_hal_tim.o
    0x08002788   0x08002788   0x0000009c   Code   RO         1987    i.HAL_TIM_PWM_Start  stm32f1xx_hal_tim.o
    0x08002824   0x08002824   0x00000002   Code   RO         2890    i.HAL_UARTEx_RxEventCallback  stm32f1xx_hal_uart.o
    0x08002826   0x08002826   0x00000002   Code   RO         2904    i.HAL_UART_ErrorCallback  stm32f1xx_hal_uart.o
    0x08002828   0x08002828   0x0000026c   Code   RO         2907    i.HAL_UART_IRQHandler  stm32f1xx_hal_uart.o
    0x08002a94   0x08002a94   0x00000064   Code   RO         2908    i.HAL_UART_Init     stm32f1xx_hal_uart.o
    0x08002af8   0x08002af8   0x00000090   Code   RO          469    i.HAL_UART_MspInit  usart.o
    0x08002b88   0x08002b88   0x0000001c   Code   RO         2913    i.HAL_UART_Receive_IT  stm32f1xx_hal_uart.o
    0x08002ba4   0x08002ba4   0x00000078   Code   RO          199    i.HAL_UART_RxCpltCallback  main.o
    0x08002c1c   0x08002c1c   0x000000a0   Code   RO         2916    i.HAL_UART_Transmit  stm32f1xx_hal_uart.o
    0x08002cbc   0x08002cbc   0x00000002   Code   RO         2919    i.HAL_UART_TxCpltCallback  stm32f1xx_hal_uart.o
    0x08002cbe   0x08002cbe   0x00000002   Code   RO          512    i.HardFault_Handler  stm32f1xx_it.o
    0x08002cc0   0x08002cc0   0x00000020   Code   RO          200    i.MQ2_ADC_ToVoltage  main.o
    0x08002ce0   0x08002ce0   0x00000040   Code   RO          201    i.MQ2_CalcPPM_ByArticle  main.o
    0x08002d20   0x08002d20   0x00000038   Code   RO          202    i.MQ2_CalcRs        main.o
    0x08002d58   0x08002d58   0x00000048   Code   RO          203    i.MQ2_ReadAdcAverage  main.o
    0x08002da0   0x08002da0   0x00000024   Code   RO          204    i.MQ2_UpdateAlarm   main.o
    0x08002dc4   0x08002dc4   0x00000050   Code   RO          380    i.MX_ADC1_Init      adc.o
    0x08002e14   0x08002e14   0x000000f0   Code   RO          354    i.MX_GPIO_Init      gpio.o
    0x08002f04   0x08002f04   0x000000ac   Code   RO          423    i.MX_TIM2_Init      tim.o
    0x08002fb0   0x08002fb0   0x00000038   Code   RO          470    i.MX_USART1_UART_Init  usart.o
    0x08002fe8   0x08002fe8   0x00000002   Code   RO          513    i.MemManage_Handler  stm32f1xx_it.o
    0x08002fea   0x08002fea   0x00000002   Code   RO          514    i.NMI_Handler       stm32f1xx_it.o
    0x08002fec   0x08002fec   0x000000bc   Code   RO          205    i.PIR_Task          main.o
    0x080030a8   0x080030a8   0x00000002   Code   RO          515    i.PendSV_Handler    stm32f1xx_it.o
    0x080030aa   0x080030aa   0x00000002   PAD
    0x080030ac   0x080030ac   0x000004f8   Code   RO          207    i.Process_Uart_Command  main.o
    0x080035a4   0x080035a4   0x00000002   Code   RO          516    i.SVC_Handler       stm32f1xx_it.o
    0x080035a6   0x080035a6   0x00000002   PAD
    0x080035a8   0x080035a8   0x00000038   Code   RO          208    i.Servo_SetAngle    main.o
    0x080035e0   0x080035e0   0x00000044   Code   RO          209    i.Servo_SmoothUpdate  main.o
    0x08003624   0x08003624   0x00000028   Code   RO           13    i.StepMotor_RotateAngle  step_motor.o
    0x0800364c   0x0800364c   0x00000064   Code   RO           14    i.StepMotor_Run     step_motor.o
    0x080036b0   0x080036b0   0x00000054   Code   RO           15    i.StepMotor_SetIO   step_motor.o
    0x08003704   0x08003704   0x00000004   Code   RO          517    i.SysTick_Handler   stm32f1xx_it.o
    0x08003708   0x08003708   0x00000078   Code   RO          210    i.SystemClock_Config  main.o
    0x08003780   0x08003780   0x00000002   Code   RO         3242    i.SystemInit        system_stm32f1xx.o
    0x08003782   0x08003782   0x00000002   PAD
    0x08003784   0x08003784   0x00000078   Code   RO         2000    i.TIM_Base_SetConfig  stm32f1xx_hal_tim.o
    0x080037fc   0x080037fc   0x0000001a   Code   RO         2001    i.TIM_CCxChannelCmd  stm32f1xx_hal_tim.o
    0x08003816   0x08003816   0x00000014   Code   RO         2011    i.TIM_ETR_SetConfig  stm32f1xx_hal_tim.o
    0x0800382a   0x0800382a   0x00000010   Code   RO         2012    i.TIM_ITRx_SetConfig  stm32f1xx_hal_tim.o
    0x0800383a   0x0800383a   0x00000002   PAD
    0x0800383c   0x0800383c   0x00000050   Code   RO         2013    i.TIM_OC1_SetConfig  stm32f1xx_hal_tim.o
    0x0800388c   0x0800388c   0x00000058   Code   RO         2014    i.TIM_OC2_SetConfig  stm32f1xx_hal_tim.o
    0x080038e4   0x080038e4   0x00000058   Code   RO         2015    i.TIM_OC3_SetConfig  stm32f1xx_hal_tim.o
    0x0800393c   0x0800393c   0x00000044   Code   RO         2016    i.TIM_OC4_SetConfig  stm32f1xx_hal_tim.o
    0x08003980   0x08003980   0x00000022   Code   RO         2018    i.TIM_TI1_ConfigInputStage  stm32f1xx_hal_tim.o
    0x080039a2   0x080039a2   0x00000024   Code   RO         2020    i.TIM_TI2_ConfigInputStage  stm32f1xx_hal_tim.o
    0x080039c6   0x080039c6   0x00000010   Code   RO         2921    i.UART_DMAAbortOnError  stm32f1xx_hal_uart.o
    0x080039d6   0x080039d6   0x0000004e   Code   RO         2931    i.UART_EndRxTransfer  stm32f1xx_hal_uart.o
    0x08003a24   0x08003a24   0x000000c2   Code   RO         2933    i.UART_Receive_IT   stm32f1xx_hal_uart.o
    0x08003ae6   0x08003ae6   0x00000002   PAD
    0x08003ae8   0x08003ae8   0x000000b8   Code   RO         2934    i.UART_SetConfig    stm32f1xx_hal_uart.o
    0x08003ba0   0x08003ba0   0x00000036   Code   RO         2936    i.UART_Start_Receive_IT  stm32f1xx_hal_uart.o
    0x08003bd6   0x08003bd6   0x00000072   Code   RO         2937    i.UART_WaitOnFlagUntilTimeout  stm32f1xx_hal_uart.o
    0x08003c48   0x08003c48   0x0000000c   Code   RO          518    i.USART1_IRQHandler  stm32f1xx_it.o
    0x08003c54   0x08003c54   0x00000002   Code   RO          519    i.UsageFault_Handler  stm32f1xx_it.o
    0x08003c56   0x08003c56   0x00000002   PAD
    0x08003c58   0x08003c58   0x00000020   Code   RO         3530    i.__0printf         mc_w.l(printfa.o)
    0x08003c78   0x08003c78   0x00000026   Code   RO         3580    i.__ARM_fpclassifyf  m_ws.l(fpclassifyf.o)
    0x08003c9e   0x08003c9e   0x00000020   Code   RO         1418    i.__NVIC_SetPriority  stm32f1xx_hal_cortex.o
    0x08003cbe   0x08003cbe   0x0000000a   Code   RO         3582    i.__mathlib_flt_divzero  m_ws.l(funder.o)
    0x08003cc8   0x08003cc8   0x00000004   Code   RO         3584    i.__mathlib_flt_infnan2  m_ws.l(funder.o)
    0x08003ccc   0x08003ccc   0x00000008   Code   RO         3585    i.__mathlib_flt_invalid  m_ws.l(funder.o)
    0x08003cd4   0x08003cd4   0x0000000a   Code   RO         3586    i.__mathlib_flt_overflow  m_ws.l(funder.o)
    0x08003cde   0x08003cde   0x0000000a   Code   RO         3588    i.__mathlib_flt_underflow  m_ws.l(funder.o)
    0x08003ce8   0x08003ce8   0x0000000e   Code   RO         3668    i.__scatterload_copy  mc_w.l(handlers.o)
    0x08003cf6   0x08003cf6   0x00000002   Code   RO         3669    i.__scatterload_null  mc_w.l(handlers.o)
    0x08003cf8   0x08003cf8   0x0000000e   Code   RO         3670    i.__scatterload_zeroinit  mc_w.l(handlers.o)
    0x08003d06   0x08003d06   0x00000002   PAD
    0x08003d08   0x08003d08   0x0000000c   Code   RO         3617    i.__set_errno       mc_w.l(errno.o)
    0x08003d14   0x08003d14   0x00000184   Code   RO         3537    i._fp_digits        mc_w.l(printfa.o)
    0x08003e98   0x08003e98   0x0000000e   Code   RO         3564    i._is_digit         mc_w.l(scanf_fp.o)
    0x08003ea6   0x08003ea6   0x00000002   PAD
    0x08003ea8   0x08003ea8   0x000006dc   Code   RO         3538    i._printf_core      mc_w.l(printfa.o)
    0x08004584   0x08004584   0x00000024   Code   RO         3539    i._printf_post_padding  mc_w.l(printfa.o)
    0x080045a8   0x080045a8   0x0000002e   Code   RO         3540    i._printf_pre_padding  mc_w.l(printfa.o)
    0x080045d6   0x080045d6   0x0000001e   Code   RO          211    i.approach_int      main.o
    0x080045f4   0x080045f4   0x00000010   Code   RO          212    i.clamp_int         main.o
    0x08004604   0x08004604   0x00000018   Code   RO          213    i.fputc             main.o
    0x0800461c   0x0800461c   0x00000104   Code   RO          214    i.main              main.o
    0x08004720   0x08004720   0x00000620   Code   RO         3277    i.powf              m_ws.l(powf.o)
    0x08004d40   0x08004d40   0x00000012   Data   RO         1116    .constdata          stm32f1xx_hal_rcc.o
    0x08004d52   0x08004d52   0x00000012   Data   RO         1208    .constdata          stm32f1xx_hal_rcc_ex.o
    0x08004d64   0x08004d64   0x00000010   Data   RO         3243    .constdata          system_stm32f1xx.o
    0x08004d74   0x08004d74   0x00000008   Data   RO         3244    .constdata          system_stm32f1xx.o
    0x08004d7c   0x08004d7c   0x00000140   Data   RO         3278    .constdata          m_ws.l(powf.o)
    0x08004ebc   0x08004ebc   0x00000040   Data   RO         3664    .constdata          mc_w.l(ctype_c.o)
    0x08004efc   0x08004efc   0x0000008d   Data   RO          216    .conststring        main.o
    0x08004f89   0x08004f89   0x00000003   PAD
    0x08004f8c   0x08004f8c   0x00000020   Data   RO         3666    Region$$Table       anon$$obj.o


    Execution Region RW_IRAM1 (Exec base: 0x20000000, Load base: 0x08004fac, Size: 0x000005b0, Max: 0x00005000, ABSOLUTE)

    Exec Addr    Load Addr    Size         Type   Attr      Idx    E Section Name        Object

    0x20000000   0x08004fac   0x00000020   Data   RW           16    .data               step_motor.o
    0x20000020   0x08004fcc   0x00000004   Data   RW          151    .data               dht11.o
    0x20000024   0x08004fd0   0x00000034   Data   RW          217    .data               main.o
    0x20000058   0x08005004   0x0000000c   Data   RW          953    .data               stm32f1xx_hal.o
    0x20000064   0x08005010   0x00000004   Data   RW         3245    .data               system_stm32f1xx.o
    0x20000068   0x08005014   0x00000004   Data   RW         3610    .data               mc_w.l(stdout.o)
    0x2000006c   0x08005018   0x00000004   Data   RW         3618    .data               mc_w.l(errno.o)
    0x20000070        -       0x00000080   Zero   RW          215    .bss                main.o
    0x200000f0        -       0x00000030   Zero   RW          381    .bss                adc.o
    0x20000120        -       0x00000048   Zero   RW          424    .bss                tim.o
    0x20000168        -       0x00000048   Zero   RW          471    .bss                usart.o
    0x200001b0        -       0x00000400   Zero   RW            1    STACK               startup_stm32f103xb.o


==============================================================================

Image component sizes


      Code (inc. data)   RO Data    RW Data    ZI Data      Debug   Object Name

       168         22          0          0         48       1649   adc.o
       362         22          0          4          0       3783   dht11.o
       240         20          0          0          0        999   gpio.o
      2418        754        141         52        128      13439   main.o
        36          8        236          0       1024        804   startup_stm32f103xb.o
       224         14          0         32          0     443291   step_motor.o
       164         28          0         12          0       5921   stm32f1xx_hal.o
      1312         54          0          0          0       7247   stm32f1xx_hal_adc.o
       198         14          0          0          0      28963   stm32f1xx_hal_cortex.o
       222          4          0          0          0       1775   stm32f1xx_hal_dma.o
       500         34          0          0          0       3519   stm32f1xx_hal_gpio.o
        60          8          0          0          0        878   stm32f1xx_hal_msp.o
      1240         84         18          0          0       5124   stm32f1xx_hal_rcc.o
       400         28         18          0          0       2477   stm32f1xx_hal_rcc_ex.o
      1338         44          0          0          0      12380   stm32f1xx_hal_tim.o
       104         12          0          0          0       1360   stm32f1xx_hal_tim_ex.o
      1554         10          0          0          0      10980   stm32f1xx_hal_uart.o
        32          6          0          0          0       4326   stm32f1xx_it.o
         2          0         24          4          0       1119   system_stm32f1xx.o
       280         20          0          0         72       2316   tim.o
       200         24          0          0         72       1734   usart.o

    ----------------------------------------------------------------------
     11078       1210        472        104       1344     554084   Object Totals
         0          0         32          0          0          0   (incl. Generated)
        24          0          3          0          0          0   (incl. Padding)

    ----------------------------------------------------------------------

      Code (inc. data)   RO Data    RW Data    ZI Data      Debug   Library Member Name

        38          0          0          0          0         68   fpclassifyf.o
        42          0          0          0          0        340   funder.o
      1568         80        320          0          0        224   powf.o
        56          8          0          0          0         84   __0sscanf.o
        28          0          0          0          0         68   _chval.o
       812          4          0          0          0        112   _scanf.o
       332          0          0          0          0         96   _scanf_int.o
        64          0          0          0          0         84   _sgetc.o
        40          6         64          0          0         68   ctype_c.o
         0          0          0          0          0          0   entry.o
         0          0          0          0          0          0   entry10a.o
         0          0          0          0          0          0   entry11a.o
         8          4          0          0          0          0   entry2.o
         4          0          0          0          0          0   entry5.o
         0          0          0          0          0          0   entry7b.o
         0          0          0          0          0          0   entry8b.o
         8          4          0          0          0          0   entry9a.o
        12          6          0          4          0         68   errno.o
        30          0          0          0          0          0   handlers.o
        36          8          0          0          0         68   init.o
        10          0          0          0          0         68   isspace_c.o
         0          0          0          0          0          0   iusefp.o
        30          0          0          0          0         68   llshl.o
        36          0          0          0          0         68   llsshr.o
        32          0          0          0          0         68   llushr.o
        36          0          0          0          0        108   memseta.o
      2258         90          0          0          0        452   printfa.o
        40          8          0          0          0         84   scanf_char.o
       878         12          0          0          0        216   scanf_fp.o
         0          0          0          4          0          0   stdout.o
        28          0          0          0          0         76   strcmp.o
        18          0          0          0          0         68   strcpy.o
        44          0          0          0          0         80   uidiv.o
        98          0          0          0          0         92   uldiv.o
        48          0          0          0          0         68   cdrcmple.o
        56          0          0          0          0         88   d2f.o
       334          0          0          0          0        148   dadd.o
       222          0          0          0          0        100   ddiv.o
       186          0          0          0          0        176   depilogue.o
        48          0          0          0          0         68   dfixul.o
        24          0          0          0          0         76   dfltul.o
       228          0          0          0          0         96   dmul.o
        38          0          0          0          0         68   f2d.o
       176          0          0          0          0        140   fadd.o
       124          0          0          0          0         88   fdiv.o
       110          0          0          0          0        168   fepilogue.o
        76          0          0          0          0         76   ffixir.o
        40          0          0          0          0         68   ffixui.o
        18          0          0          0          0         68   fflti.o
        10          0          0          0          0         68   ffltui.o
       100          0          0          0          0         76   fmul.o
         4          0          0          0          0         68   fpstat.o
        24          0          0          0          0         68   fscalb.o

    ----------------------------------------------------------------------
      8462        230        384          8          0       4504   Library Totals
        10          0          0          0          0          0   (incl. Padding)

    ----------------------------------------------------------------------

      Code (inc. data)   RO Data    RW Data    ZI Data      Debug   Library Name

      1648         80        320          0          0        632   m_ws.l
      4938        150         64          8          0       2096   mc_w.l
      1866          0          0          0          0       1776   mf_w.l

    ----------------------------------------------------------------------
      8462        230        384          8          0       4504   Library Totals

    ----------------------------------------------------------------------

==============================================================================


      Code (inc. data)   RO Data    RW Data    ZI Data      Debug   

     19540       1440        856        112       1344     550992   Grand Totals
     19540       1440        856        112       1344     550992   ELF Image Totals
     19540       1440        856        112          0          0   ROM Totals

==============================================================================

    Total RO  Size (Code + RO Data)                20396 (  19.92kB)
    Total RW  Size (RW Data + ZI Data)              1456 (   1.42kB)
    Total ROM Size (Code + RO Data + RW Data)      20508 (  20.03kB)

==============================================================================

